Component: ARM Compiler 5.06 update 6 (build 750) Tool: armlink [4d35ed]

==============================================================================

Section Cross References

    main.o(i.main) refers to misc.o(i.NVIC_PriorityGroupConfig) for NVIC_PriorityGroupConfig
    main.o(i.main) refers to delay.o(i.delay_init) for delay_init
    main.o(i.main) refers to usart.o(i.uart_init) for uart_init
    main.o(i.main) refers to led.o(i.LED_Init) for LED_Init
    main.o(i.main) refers to adc.o(i.Adc_Init) for Adc_Init
    main.o(i.main) refers to delay.o(i.delay_ms) for delay_ms
    main.o(i.main) refers to hw_config.o(i.USB_Port_Set) for USB_Port_Set
    main.o(i.main) refers to hw_config.o(i.USB_Interrupts_Config) for USB_Interrupts_Config
    main.o(i.main) refers to hw_config.o(i.Set_USBClock) for Set_USBClock
    main.o(i.main) refers to usb_init.o(i.USB_Init) for USB_Init
    main.o(i.main) refers to adc.o(i.USB_Send) for USB_Send
    main.o(i.main) refers to usb_pwr.o(.data) for bDeviceState
    system_stm32f10x.o(i.SetSysClock) refers to system_stm32f10x.o(i.SetSysClockTo72) for SetSysClockTo72
    system_stm32f10x.o(i.SystemCoreClockUpdate) refers to system_stm32f10x.o(.data) for SystemCoreClock
    system_stm32f10x.o(i.SystemInit) refers to system_stm32f10x.o(i.SetSysClock) for SetSysClock
    delay.o(i.delay_init) refers to misc.o(i.SysTick_CLKSourceConfig) for SysTick_CLKSourceConfig
    delay.o(i.delay_init) refers to system_stm32f10x.o(.data) for SystemCoreClock
    delay.o(i.delay_init) refers to delay.o(.data) for fac_us
    delay.o(i.delay_ms) refers to delay.o(.data) for fac_ms
    delay.o(i.delay_us) refers to delay.o(.data) for fac_us
    usart.o(i.USART1_IRQHandler) refers (Special) to use_no_semi_2.o(.text) for __use_no_semihosting
    usart.o(i.USART1_IRQHandler) refers to stm32f10x_usart.o(i.USART_GetITStatus) for USART_GetITStatus
    usart.o(i.USART1_IRQHandler) refers to stm32f10x_usart.o(i.USART_ReceiveData) for USART_ReceiveData
    usart.o(i.USART1_IRQHandler) refers to usart.o(.data) for USART_RX_STA
    usart.o(i.USART1_IRQHandler) refers to usart.o(.bss) for USART_RX_BUF
    usart.o(i._sys_exit) refers (Special) to use_no_semi_2.o(.text) for __use_no_semihosting
    usart.o(i.fputc) refers (Special) to use_no_semi_2.o(.text) for __use_no_semihosting
    usart.o(i.uart_init) refers (Special) to use_no_semi_2.o(.text) for __use_no_semihosting
    usart.o(i.uart_init) refers to stm32f10x_rcc.o(i.RCC_APB2PeriphClockCmd) for RCC_APB2PeriphClockCmd
    usart.o(i.uart_init) refers to stm32f10x_gpio.o(i.GPIO_Init) for GPIO_Init
    usart.o(i.uart_init) refers to misc.o(i.NVIC_Init) for NVIC_Init
    usart.o(i.uart_init) refers to stm32f10x_usart.o(i.USART_Init) for USART_Init
    usart.o(i.uart_init) refers to stm32f10x_usart.o(i.USART_ITConfig) for USART_ITConfig
    usart.o(i.uart_init) refers to stm32f10x_usart.o(i.USART_Cmd) for USART_Cmd
    usart.o(.bss) refers (Special) to use_no_semi_2.o(.text) for __use_no_semihosting
    usart.o(.data) refers (Special) to use_no_semi_2.o(.text) for __use_no_semihosting
    startup_stm32f10x_hd.o(STACK) refers (Special) to heapauxi.o(.text) for __use_two_region_memory
    startup_stm32f10x_hd.o(HEAP) refers (Special) to heapauxi.o(.text) for __use_two_region_memory
    startup_stm32f10x_hd.o(RESET) refers (Special) to heapauxi.o(.text) for __use_two_region_memory
    startup_stm32f10x_hd.o(RESET) refers to startup_stm32f10x_hd.o(STACK) for __initial_sp
    startup_stm32f10x_hd.o(RESET) refers to startup_stm32f10x_hd.o(.text) for Reset_Handler
    startup_stm32f10x_hd.o(RESET) refers to stm32f10x_it.o(i.NMI_Handler) for NMI_Handler
    startup_stm32f10x_hd.o(RESET) refers to stm32f10x_it.o(i.HardFault_Handler) for HardFault_Handler
    startup_stm32f10x_hd.o(RESET) refers to stm32f10x_it.o(i.MemManage_Handler) for MemManage_Handler
    startup_stm32f10x_hd.o(RESET) refers to stm32f10x_it.o(i.BusFault_Handler) for BusFault_Handler
    startup_stm32f10x_hd.o(RESET) refers to stm32f10x_it.o(i.UsageFault_Handler) for UsageFault_Handler
    startup_stm32f10x_hd.o(RESET) refers to stm32f10x_it.o(i.SVC_Handler) for SVC_Handler
    startup_stm32f10x_hd.o(RESET) refers to stm32f10x_it.o(i.DebugMon_Handler) for DebugMon_Handler
    startup_stm32f10x_hd.o(RESET) refers to stm32f10x_it.o(i.PendSV_Handler) for PendSV_Handler
    startup_stm32f10x_hd.o(RESET) refers to stm32f10x_it.o(i.SysTick_Handler) for SysTick_Handler
    startup_stm32f10x_hd.o(RESET) refers to hw_config.o(i.USB_LP_CAN1_RX0_IRQHandler) for USB_LP_CAN1_RX0_IRQHandler
    startup_stm32f10x_hd.o(RESET) refers to usart.o(i.USART1_IRQHandler) for USART1_IRQHandler
    startup_stm32f10x_hd.o(RESET) refers to hw_config.o(i.USBWakeUp_IRQHandler) for USBWakeUp_IRQHandler
    startup_stm32f10x_hd.o(.text) refers (Special) to heapauxi.o(.text) for __use_two_region_memory
    startup_stm32f10x_hd.o(.text) refers to system_stm32f10x.o(i.SystemInit) for SystemInit
[...]
    ../clib/armsys.c                         0x00000000   Number         0  _get_argv_nomalloc.o ABSOLUTE
    ../clib/armsys.c                         0x00000000   Number         0  no_argv.o ABSOLUTE
    ../clib/heapalloc.c                      0x00000000   Number         0  hrguard.o ABSOLUTE
    ../clib/heapaux.c                        0x00000000   Number         0  heapauxi.o ABSOLUTE
    ../clib/libinit.s                        0x00000000   Number         0  libshutdown2.o ABSOLUTE
    ../clib/libinit.s                        0x00000000   Number         0  libshutdown.o ABSOLUTE
    ../clib/libinit.s                        0x00000000   Number         0  libinit2.o ABSOLUTE
    ../clib/libinit.s                        0x00000000   Number         0  libinit.o ABSOLUTE
    ../clib/printf.c                         0x00000000   Number         0  _printf_char_common.o ABSOLUTE
    ../clib/printf.c                         0x00000000   Number         0  _printf_char_file.o ABSOLUTE
    ../clib/printf.c                         0x00000000   Number         0  __printf_nopercent.o ABSOLUTE
    ../clib/printf.c                         0x00000000   Number         0  noretval__2printf.o ABSOLUTE
    ../clib/printf.c                         0x00000000   Number         0  __2printf.o ABSOLUTE
    ../clib/signal.c                         0x00000000   Number         0  defsig_rtmem_inner.o ABSOLUTE
    ../clib/signal.c                         0x00000000   Number         0  defsig_exit.o ABSOLUTE
    ../clib/signal.c                         0x00000000   Number         0  defsig_pvfn_inner.o ABSOLUTE
    ../clib/signal.c                         0x00000000   Number         0  defsig_rtmem_formal.o ABSOLUTE
    ../clib/signal.c                         0x00000000   Number         0  defsig_rtmem_outer.o ABSOLUTE
    ../clib/signal.c                         0x00000000   Number         0  defsig_other.o ABSOLUTE
    ../clib/signal.c                         0x00000000   Number         0  defsig_segv_inner.o ABSOLUTE
    ../clib/signal.c                         0x00000000   Number         0  defsig_general.o ABSOLUTE
    ../clib/signal.c                         0x00000000   Number         0  defsig_cppl_inner.o ABSOLUTE
    ../clib/signal.c                         0x00000000   Number         0  defsig_stak_inner.o ABSOLUTE
    ../clib/signal.c                         0x00000000   Number         0  defsig_rtred_inner.o ABSOLUTE
    ../clib/signal.c                         0x00000000   Number         0  defsig_fpe_inner.o ABSOLUTE
    ../clib/signal.c                         0x00000000   Number         0  defsig_abrt_inner.o ABSOLUTE
    ../clib/signal.c                         0x00000000   Number         0  __raise.o ABSOLUTE
    ../clib/signal.s                         0x00000000   Number         0  defsig.o ABSOLUTE
    ../clib/stdio.c                          0x00000000   Number         0  ferror.o ABSOLUTE
    ../clib/stdio.c                          0x00000000   Number         0  ferror_locked.o ABSOLUTE
    ../clib/stdlib.c                         0x00000000   Number         0  exit.o ABSOLUTE
    ../fplib/fpinit.s                        0x00000000   Number         0  fpinit.o ABSOLUTE
    ..\ADC\adc.c                             0x00000000   Number         0  adc.o ABSOLUTE
    ..\CORE\core_cm3.c                       0x00000000   Number         0  core_cm3.o ABSOLUTE
    ..\CORE\startup_stm32f10x_hd.s           0x00000000   Number         0  startup_stm32f10x_hd.o ABSOLUTE
    ..\LED\led.c                             0x00000000   Number         0  led.o ABSOLUTE
    ..\STM32F10x_FWLib\src\misc.c            0x00000000   Number         0  misc.o ABSOLUTE
    ..\STM32F10x_FWLib\src\stm32f10x_adc.c   0x00000000   Number         0  stm32f10x_adc.o ABSOLUTE
    ..\STM32F10x_FWLib\src\stm32f10x_exti.c  0x00000000   Number         0  stm32f10x_exti.o ABSOLUTE
    ..\STM32F10x_FWLib\src\stm32f10x_gpio.c  0x00000000   Number         0  stm32f10x_gpio.o ABSOLUTE
    ..\STM32F10x_FWLib\src\stm32f10x_rcc.c   0x00000000   Number         0  stm32f10x_rcc.o ABSOLUTE
    ..\STM32F10x_FWLib\src\stm32f10x_usart.c 0x00000000   Number         0  stm32f10x_usart.o ABSOLUTE
    ..\SYSTEM\delay\delay.c                  0x00000000   Number         0  delay.o ABSOLUTE
    ..\SYSTEM\sys\sys.c                      0x00000000   Number         0  sys.o ABSOLUTE
    ..\SYSTEM\usart\usart.c                  0x00000000   Number         0  usart.o ABSOLUTE
    ..\USB\CONFIG\hw_config.c                0x00000000   Number         0  hw_config.o ABSOLUTE
    ..\USB\CONFIG\usb_desc.c                 0x00000000   Number         0  usb_desc.o ABSOLUTE
    ..\USB\CONFIG\usb_endp.c                 0x00000000   Number         0  usb_endp.o ABSOLUTE
    ..\USB\CONFIG\usb_istr.c                 0x00000000   Number         0  usb_istr.o ABSOLUTE
    ..\USB\CONFIG\usb_prop.c                 0x00000000   Number         0  usb_prop.o ABSOLUTE
    ..\USB\CONFIG\usb_pwr.c                  0x00000000   Number         0  usb_pwr.o ABSOLUTE
    ..\USB\STM32_USB-FS-Device_Driver\src\usb_core.c 0x00000000   Number         0  usb_core.o ABSOLUTE
    ..\USB\STM32_USB-FS-Device_Driver\src\usb_init.c 0x00000000   Number         0  usb_init.o ABSOLUTE
    ..\USB\STM32_USB-FS-Device_Driver\src\usb_int.c 0x00000000   Number         0  usb_int.o ABSOLUTE
    ..\USB\STM32_USB-FS-Device_Driver\src\usb_mem.c 0x00000000   Number         0  usb_mem.o ABSOLUTE
    ..\USB\STM32_USB-FS-Device_Driver\src\usb_regs.c 0x00000000   Number         0  usb_regs.o ABSOLUTE
    ..\USB\STM32_USB-FS-Device_Driver\src\usb_sil.c 0x00000000   Number         0  usb_sil.o ABSOLUTE
    ..\\CORE\\core_cm3.c                     0x00000000   Number         0  core_cm3.o ABSOLUTE
    ..\\SYSTEM\\sys\\sys.c                   0x00000000   Number         0  sys.o ABSOLUTE
    dc.s                                     0x00000000   Number         0  dc.o ABSOLUTE
    main.c                                   0x00000000   Number         0  main.o ABSOLUTE
    stm32f10x_it.c                           0x00000000   Number         0  stm32f10x_it.o ABSOLUTE
    system_stm32f10x.c                       0x00000000   Number         0  system_stm32f10x.o ABSOLUTE
    RESET                                    0x08000000   Section      304  startup_stm32f10x_hd.o(RESET)
    !!!main                                  0x08000130   Section        8  __main.o(!!!main)
    !!!scatter                               0x08000138   Section       52  __scatter.o(!!!scatter)
    !!dczerorl2                              0x0800016c   Section       90  __dczerorl2.o(!!dczerorl2)
    !!handler_zi                             0x080001c8   Section       28  __scatter_zi.o(!!handler_zi)
    .ARM.Collect$$libinit$$00000000          0x080001e4   Section        2  libinit.o(.ARM.Collect$$libinit$$00000000)
    .ARM.Collect$$libinit$$00000002          0x080001e6   Section        0  libinit2.o(.ARM.Collect$$libinit$$00000002)
    .ARM.Collect$$libinit$$00000004          0x080001e6   Section        0  libinit2.o(.ARM.Collect$$libinit$$00000004)
    .ARM.Collect$$libinit$$0000000A          0x080001e6   Section        0  libinit2.o(.ARM.Collect$$libinit$$0000000A)
    .ARM.Collect$$libinit$$0000000C          0x080001e6   Section        0  libinit2.o(.ARM.Collect$$libinit$$0000000C)
    .ARM.Collect$$libinit$$0000000E          0x080001e6   Section        0  libinit2.o(.ARM.Collect$$libinit$$0000000E)
    .ARM.Collect$$libinit$$00000011          0x080001e6   Section        0  libinit2.o(.ARM.Collect$$libinit$$00000011)
    .ARM.Collect$$libinit$$00000013          0x080001e6   Section        0  libinit2.o(.ARM.Collect$$libinit$$00000013)
    .ARM.Collect$$libinit$$00000015          0x080001e6   Section        0  libinit2.o(.ARM.Collect$$libinit$$00000015)
    .ARM.Collect$$libinit$$00000017          0x080001e6   Section        0  libinit2.o(.ARM.Collect$$libinit$$00000017)
    .ARM.Collect$$libinit$$00000019          0x080001e6   Section        0  libinit2.o(.ARM.Collect$$libinit$$00000019)
    .ARM.Collect$$libinit$$0000001B          0x080001e6   Section        0  libinit2.o(.ARM.Collect$$libinit$$0000001B)
    .ARM.Collect$$libinit$$0000001D          0x080001e6   Section        0  libinit2.o(.ARM.Collect$$libinit$$0000001D)
    .ARM.Collect$$libinit$$0000001F          0x080001e6   Section        0  libinit2.o(.ARM.Collect$$libinit$$0000001F)
    .ARM.Collect$$libinit$$00000021          0x080001e6   Section        0  libinit2.o(.ARM.Collect$$libinit$$00000021)
    .ARM.Collect$$libinit$$00000023          0x080001e6   Section        0  libinit2.o(.ARM.Collect$$libinit$$00000023)
    .ARM.Collect$$libinit$$00000025          0x080001e6   Section        0  libinit2.o(.ARM.Collect$$libinit$$00000025)
    .ARM.Collect$$libinit$$0000002C          0x080001e6   Section        0  libinit2.o(.ARM.Collect$$libinit$$0000002C)
    .ARM.Collect$$libinit$$0000002E          0x080001e6   Section        0  libinit2.o(.ARM.Collect$$libinit$$0000002E)
    .ARM.Collect$$libinit$$00000030          0x080001e6   Section        0  libinit2.o(.ARM.Collect$$libinit$$00000030)
    .ARM.Collect$$libinit$$00000032          0x080001e6   Section        0  libinit2.o(.ARM.Collect$$libinit$$00000032)
    .ARM.Collect$$libinit$$00000033          0x080001e6   Section        2  libinit2.o(.ARM.Collect$$libinit$$00000033)
    .ARM.Collect$$libshutdown$$00000000      0x080001e8   Section        2  libshutdown.o(.ARM.Collect$$libshutdown$$00000000)
    .ARM.Collect$$libshutdown$$00000002      0x080001ea   Section        0  libshutdown2.o(.ARM.Collect$$libshutdown$$00000002)
    .ARM.Collect$$libshutdown$$00000004      0x080001ea   Section        0  libshutdown2.o(.ARM.Collect$$libshutdown$$00000004)
    .ARM.Collect$$libshutdown$$00000007      0x080001ea   Section        0  libshutdown2.o(.ARM.Collect$$libshutdown$$00000007)
    .ARM.Collect$$libshutdown$$0000000A      0x080001ea   Section        0  libshutdown2.o(.ARM.Collect$$libshutdown$$0000000A)
    .ARM.Collect$$libshutdown$$0000000C      0x080001ea   Section        0  libshutdown2.o(.ARM.Collect$$libshutdown$$0000000C)
    .ARM.Collect$$libshutdown$$0000000F      0x080001ea   Section        0  libshutdown2.o(.ARM.Collect$$libshutdown$$0000000F)
    .ARM.Collect$$libshutdown$$00000010      0x080001ea   Section        2  libshutdown2.o(.ARM.Collect$$libshutdown$$00000010)
    .ARM.Collect$$rtentry$$00000000          0x080001ec   Section        0  __rtentry.o(.ARM.Collect$$rtentry$$00000000)
    .ARM.Collect$$rtentry$$00000002          0x080001ec   Section        0  __rtentry2.o(.ARM.Collect$$rtentry$$00000002)
    .ARM.Collect$$rtentry$$00000004          0x080001ec   Section        6  __rtentry4.o(.ARM.Collect$$rtentry$$00000004)
    .ARM.Collect$$rtentry$$00000009          0x080001f2   Section        0  __rtentry2.o(.ARM.Collect$$rtentry$$00000009)
    .ARM.Collect$$rtentry$$0000000A          0x080001f2   Section        4  __rtentry2.o(.ARM.Collect$$rtentry$$0000000A)
    .ARM.Collect$$rtentry$$0000000C          0x080001f6   Section        0  __rtentry2.o(.ARM.Collect$$rtentry$$0000000C)
    .ARM.Collect$$rtentry$$0000000D          0x080001f6   Section        8  __rtentry2.o(.ARM.Collect$$rtentry$$0000000D)
    .ARM.Collect$$rtexit$$00000000           0x080001fe   Section        2  rtexit.o(.ARM.Collect$$rtexit$$00000000)
    .ARM.Collect$$rtexit$$00000002           0x08000200   Section        0  rtexit2.o(.ARM.Collect$$rtexit$$00000002)
    .ARM.Collect$$rtexit$$00000003           0x08000200   Section        4  rtexit2.o(.ARM.Collect$$rtexit$$00000003)
    .ARM.Collect$$rtexit$$00000004           0x08000204   Section        6  rtexit2.o(.ARM.Collect$$rtexit$$00000004)
    .text                                    0x0800020c   Section       64  startup_stm32f10x_hd.o(.text)
    .text                                    0x0800024c   Section        2  use_no_semi_2.o(.text)
    .text                                    0x08000250   Section        0  noretval__2printf.o(.text)
    .text                                    0x08000268   Section        0  heapauxi.o(.text)
    .text                                    0x0800026e   Section        2  use_no_semi.o(.text)
    .text                                    0x08000270   Section        0  _printf_char_file.o(.text)
    .text                                    0x08000294   Section        0  _printf_char_common.o(.text)
    _printf_input_char                       0x08000295   Thumb Code    10  _printf_char_common.o(.text)
    .text                                    0x080002c4   Section        0  ferror.o(.text)
    .text                                    0x080002cc   Section       74  sys_stackheap_outer.o(.text)
    .text                                    0x08000316   Section        0  __printf_nopercent.o(.text)
    .text                                    0x0800033e   Section        0  exit.o(.text)
    .text                                    0x08000350   Section        8  libspace.o(.text)
    i.ADC_Cmd                                0x08000358   Section        0  stm32f10x_adc.o(i.ADC_Cmd)
    i.ADC_DeInit                             0x08000370   Section        0  stm32f10x_adc.o(i.ADC_DeInit)
    i.ADC_GetCalibrationStatus               0x080003cc   Section        0  stm32f10x_adc.o(i.ADC_GetCalibrationStatus)
    i.ADC_GetConversionValue                 0x080003e0   Section        0  stm32f10x_adc.o(i.ADC_GetConversionValue)
    i.ADC_GetFlagStatus                      0x080003e8   Section        0  stm32f10x_adc.o(i.ADC_GetFlagStatus)
    i.ADC_GetResetCalibrationStatus          0x080003fa   Section        0  stm32f10x_adc.o(i.ADC_GetResetCalibrationStatus)
    i.ADC_Init                               0x08000410   Section        0  stm32f10x_adc.o(i.ADC_Init)
    i.ADC_RegularChannelConfig               0x08000460   Section        0  stm32f10x_adc.o(i.ADC_RegularChannelConfig)
    i.ADC_ResetCalibration                   0x08000518   Section        0  stm32f10x_adc.o(i.ADC_ResetCalibration)
    i.ADC_SoftwareStartConvCmd               0x08000522   Section        0  stm32f10x_adc.o(i.ADC_SoftwareStartConvCmd)
    i.ADC_StartCalibration                   0x08000538   Section        0  stm32f10x_adc.o(i.ADC_StartCalibration)
    i.Adc_Init                               0x08000544   Section        0  adc.o(i.Adc_Init)
    i.BusFault_Handler                       0x080005e8   Section        0  stm32f10x_it.o(i.BusFault_Handler)
    i.ByteSwap                               0x080005ec   Section        0  usb_regs.o(i.ByteSwap)
    i.CTR_LP                                 0x080005f8   Section        0  usb_int.o(i.CTR_LP)
    i.ClearDTOG_RX                           0x08000880   Section        0  usb_regs.o(i.ClearDTOG_RX)
    i.ClearDTOG_TX                           0x080008b4   Section        0  usb_regs.o(i.ClearDTOG_TX)
    i.Clear_Status_Out                       0x080008e8   Section        0  usb_regs.o(i.Clear_Status_Out)
    i.DataStageIn                            0x08000910   Section        0  usb_core.o(i.DataStageIn)
    DataStageIn                              0x08000911   Thumb Code   166  usb_core.o(i.DataStageIn)
    i.DataStageOut                           0x080009d0   Section        0  usb_core.o(i.DataStageOut)
    DataStageOut                             0x080009d1   Thumb Code   166  usb_core.o(i.DataStageOut)
    i.Data_Setup0                            0x08000a8c   Section        0  usb_core.o(i.Data_Setup0)
    Data_Setup0                              0x08000a8d   Thumb Code   628  usb_core.o(i.Data_Setup0)
    i.DebugMon_Handler                       0x08000d24   Section        0  stm32f10x_it.o(i.DebugMon_Handler)
    i.EP1_IN_Callback                        0x08000d28   Section        0  usb_endp.o(i.EP1_IN_Callback)
    i.EXTI_ClearITPendingBit                 0x08000d34   Section        0  stm32f10x_exti.o(i.EXTI_ClearITPendingBit)
    i.EXTI_Init                              0x08000d40   Section        0  stm32f10x_exti.o(i.EXTI_Init)
    i.Enter_LowPowerMode                     0x08000dd4   Section        0  hw_config.o(i.Enter_LowPowerMode)
    i.GPIO_Init                              0x08000e04   Section        0  stm32f10x_gpio.o(i.GPIO_Init)
    i.GPIO_PinRemapConfig                    0x08000f1c   Section        0  stm32f10x_gpio.o(i.GPIO_PinRemapConfig)
    i.GPIO_SetBits                           0x08000fac   Section        0  stm32f10x_gpio.o(i.GPIO_SetBits)
    i.GetEPRxAddr                            0x08000fb0   Section        0  usb_regs.o(i.GetEPRxAddr)
    i.GetEPTxAddr                            0x08000fd0   Section        0  usb_regs.o(i.GetEPTxAddr)
    i.Get_Adc                                0x08000ff0   Section        0  adc.o(i.Get_Adc)
    i.Get_Adc_Average                        0x08001024   Section        0  adc.o(i.Get_Adc_Average)
    i.Get_SerialNum                          0x08001054   Section        0  hw_config.o(i.Get_SerialNum)
    i.HardFault_Handler                      0x08001088   Section        0  stm32f10x_it.o(i.HardFault_Handler)
    i.In0_Process                            0x0800108c   Section        0  usb_core.o(i.In0_Process)
    i.IntToUnicode                           0x080010fc   Section        0  hw_config.o(i.IntToUnicode)
    IntToUnicode                             0x080010fd   Thumb Code    62  hw_config.o(i.IntToUnicode)
    i.Joystick1_Send                         0x0800113a   Section        0  hw_config.o(i.Joystick1_Send)
    i.Joystick_Data_Setup                    0x08001150   Section        0  usb_prop.o(i.Joystick_Data_Setup)
    i.Joystick_GetConfigDescriptor           0x080011cc   Section        0  usb_prop.o(i.Joystick_GetConfigDescriptor)
    i.Joystick_GetDeviceDescriptor           0x080011e0   Section        0  usb_prop.o(i.Joystick_GetDeviceDescriptor)
    i.Joystick_GetHIDDescriptor              0x080011f4   Section        0  usb_prop.o(i.Joystick_GetHIDDescriptor)
    i.Joystick_GetProtocolValue              0x08001208   Section        0  usb_prop.o(i.Joystick_GetProtocolValue)
    i.Joystick_GetReportDescriptor           0x08001224   Section        0  usb_prop.o(i.Joystick_GetReportDescriptor)
    i.Joystick_GetStringDescriptor           0x08001238   Section        0  usb_prop.o(i.Joystick_GetStringDescriptor)
    i.Joystick_Get_Interface_Setting         0x08001260   Section        0  usb_prop.o(i.Joystick_Get_Interface_Setting)
    i.Joystick_NoData_Setup                  0x08001278   Section        0  usb_prop.o(i.Joystick_NoData_Setup)
    i.Joystick_Reset                         0x0800129c   Section        0  usb_prop.o(i.Joystick_Reset)
    i.Joystick_SetConfiguration              0x08001340   Section        0  usb_prop.o(i.Joystick_SetConfiguration)
    i.Joystick_SetDeviceAddress              0x08001358   Section        0  usb_prop.o(i.Joystick_SetDeviceAddress)
    i.Joystick_SetProtocol                   0x08001364   Section        0  usb_prop.o(i.Joystick_SetProtocol)
    i.Joystick_Status_In                     0x0800137c   Section        0  usb_prop.o(i.Joystick_Status_In)
    i.Joystick_Status_Out                    0x0800137e   Section        0  usb_prop.o(i.Joystick_Status_Out)
    i.Joystick_init                          0x08001380   Section        0  usb_prop.o(i.Joystick_init)
    i.LED_Init                               0x080013a8   Section        0  led.o(i.LED_Init)
    i.Leave_LowPowerMode                     0x0800140c   Section        0  hw_config.o(i.Leave_LowPowerMode)
    i.MemManage_Handler                      0x0800144c   Section        0  stm32f10x_it.o(i.MemManage_Handler)
    i.NMI_Handler                            0x08001450   Section        0  stm32f10x_it.o(i.NMI_Handler)
    i.NOP_Process                            0x08001452   Section        0  usb_core.o(i.NOP_Process)
    i.NVIC_Init                              0x08001454   Section        0  misc.o(i.NVIC_Init)
    i.NVIC_PriorityGroupConfig               0x080014c4   Section        0  misc.o(i.NVIC_PriorityGroupConfig)
    i.NoData_Setup0                          0x080014d8   Section        0  usb_core.o(i.NoData_Setup0)
    NoData_Setup0                            0x080014d9   Thumb Code   290  usb_core.o(i.NoData_Setup0)
    i.Out0_Process                           0x08001610   Section        0  usb_core.o(i.Out0_Process)
    i.PMAToUserBufferCopy                    0x08001660   Section        0  usb_mem.o(i.PMAToUserBufferCopy)
    i.PendSV_Handler                         0x08001688   Section        0  stm32f10x_it.o(i.PendSV_Handler)
    i.Post0_Process                          0x0800168c   Section        0  usb_core.o(i.Post0_Process)
    i.PowerOn                                0x080016d4   Section        0  usb_pwr.o(i.PowerOn)
    i.RCC_ADCCLKConfig                       0x08001714   Section        0  stm32f10x_rcc.o(i.RCC_ADCCLKConfig)
    i.RCC_APB1PeriphClockCmd                 0x0800172c   Section        0  stm32f10x_rcc.o(i.RCC_APB1PeriphClockCmd)
    i.RCC_APB2PeriphClockCmd                 0x0800174c   Section        0  stm32f10x_rcc.o(i.RCC_APB2PeriphClockCmd)
    i.RCC_APB2PeriphResetCmd                 0x0800176c   Section        0  stm32f10x_rcc.o(i.RCC_APB2PeriphResetCmd)
    i.RCC_GetClocksFreq                      0x0800178c   Section        0  stm32f10x_rcc.o(i.RCC_GetClocksFreq)
    i.RCC_USBCLKConfig                       0x08001860   Section        0  stm32f10x_rcc.o(i.RCC_USBCLKConfig)
    i.Resume                                 0x0800186c   Section        0  usb_pwr.o(i.Resume)
    i.Resume_Init                            0x0800193c   Section        0  usb_pwr.o(i.Resume_Init)
    i.SVC_Handler                            0x08001960   Section        0  stm32f10x_it.o(i.SVC_Handler)
    i.SetBTABLE                              0x08001964   Section        0  usb_regs.o(i.SetBTABLE)
    i.SetDeviceAddress                       0x08001974   Section        0  usb_core.o(i.SetDeviceAddress)
    i.SetEPRxAddr                            0x080019c4   Section        0  usb_regs.o(i.SetEPRxAddr)
    i.SetEPRxCount                           0x080019e8   Section        0  usb_regs.o(i.SetEPRxCount)
    i.SetEPRxStatus                          0x08001a34   Section        0  usb_regs.o(i.SetEPRxStatus)
    i.SetEPRxValid                           0x08001a74   Section        0  usb_regs.o(i.SetEPRxValid)
    i.SetEPTxAddr                            0x08001aa8   Section        0  usb_regs.o(i.SetEPTxAddr)
    i.SetEPTxCount                           0x08001ac8   Section        0  usb_regs.o(i.SetEPTxCount)
    i.SetEPTxStatus                          0x08001ae4   Section        0  usb_regs.o(i.SetEPTxStatus)
    i.SetEPTxValid                           0x08001b24   Section        0  usb_regs.o(i.SetEPTxValid)
    i.SetEPType                              0x08001b58   Section        0  usb_regs.o(i.SetEPType)
    i.SetSysClock                            0x08001b7c   Section        0  system_stm32f10x.o(i.SetSysClock)
    SetSysClock                              0x08001b7d   Thumb Code     8  system_stm32f10x.o(i.SetSysClock)
    i.SetSysClockTo72                        0x08001b84   Section        0  system_stm32f10x.o(i.SetSysClockTo72)
    SetSysClockTo72                          0x08001b85   Thumb Code   214  system_stm32f10x.o(i.SetSysClockTo72)
    i.Set_USBClock                           0x08001c64   Section        0  hw_config.o(i.Set_USBClock)
    i.Setup0_Process                         0x08001c78   Section        0  usb_core.o(i.Setup0_Process)
    i.Standard_ClearFeature                  0x08001d30   Section        0  usb_core.o(i.Standard_ClearFeature)
    i.Standard_GetConfiguration              0x08001e9c   Section        0  usb_core.o(i.Standard_GetConfiguration)
    i.Standard_GetDescriptorData             0x08001ec8   Section        0  usb_core.o(i.Standard_GetDescriptorData)
    i.Standard_GetInterface                  0x08001eec   Section        0  usb_core.o(i.Standard_GetInterface)
    i.Standard_GetStatus                     0x08001f18   Section        0  usb_core.o(i.Standard_GetStatus)
    i.Standard_SetConfiguration              0x08002018   Section        0  usb_core.o(i.Standard_SetConfiguration)
    i.Standard_SetDeviceFeature              0x08002060   Section        0  usb_core.o(i.Standard_SetDeviceFeature)
    i.Standard_SetEndPointFeature            0x08002088   Section        0  usb_core.o(i.Standard_SetEndPointFeature)
    i.Standard_SetInterface                  0x08002158   Section        0  usb_core.o(i.Standard_SetInterface)
    i.Suspend                                0x080021c4   Section        0  usb_pwr.o(i.Suspend)
    i.SysTick_CLKSourceConfig                0x08002260   Section        0  misc.o(i.SysTick_CLKSourceConfig)
    i.SysTick_Handler                        0x08002288   Section        0  stm32f10x_it.o(i.SysTick_Handler)
    i.SystemInit                             0x0800228c   Section        0  system_stm32f10x.o(i.SystemInit)
    i.USART1_IRQHandler                      0x080022ec   Section        0  usart.o(i.USART1_IRQHandler)
    i.USART_Cmd                              0x08002374   Section        0  stm32f10x_usart.o(i.USART_Cmd)
    i.USART_GetITStatus                      0x0800238c   Section        0  stm32f10x_usart.o(i.USART_GetITStatus)
    i.USART_ITConfig                         0x080023e0   Section        0  stm32f10x_usart.o(i.USART_ITConfig)
    i.USART_Init                             0x0800242c   Section        0  stm32f10x_usart.o(i.USART_Init)
    i.USART_ReceiveData                      0x08002504   Section        0  stm32f10x_usart.o(i.USART_ReceiveData)
    i.USBWakeUp_IRQHandler                   0x0800250e   Section        0  hw_config.o(i.USBWakeUp_IRQHandler)
    i.USB_Cable_Config                       0x0800251c   Section        0  hw_config.o(i.USB_Cable_Config)
    i.USB_Init                               0x08002564   Section        0  usb_init.o(i.USB_Init)
    i.USB_Interrupts_Config                  0x080025a0   Section        0  hw_config.o(i.USB_Interrupts_Config)
    i.USB_Istr                               0x080025f4   Section        0  usb_istr.o(i.USB_Istr)
    i.USB_LP_CAN1_RX0_IRQHandler             0x080027c0   Section        0  hw_config.o(i.USB_LP_CAN1_RX0_IRQHandler)
    i.USB_Port_Set                           0x080027c8   Section        0  hw_config.o(i.USB_Port_Set)
    i.USB_SIL_Init                           0x08002820   Section        0  usb_sil.o(i.USB_SIL_Init)
    i.USB_SIL_Write                          0x08002844   Section        0  usb_sil.o(i.USB_SIL_Write)
    i.USB_Send                               0x08002874   Section        0  adc.o(i.USB_Send)
    i.UsageFault_Handler                     0x08002a7c   Section        0  stm32f10x_it.o(i.UsageFault_Handler)
    i.UserToPMABufferCopy                    0x08002a80   Section        0  usb_mem.o(i.UserToPMABufferCopy)
    i._sys_exit                              0x08002ab8   Section        0  usart.o(i._sys_exit)
    i.delay_init                             0x08002ac0   Section        0  delay.o(i.delay_init)
    i.delay_ms                               0x08002b04   Section        0  delay.o(i.delay_ms)
    i.fputc                                  0x08002b50   Section        0  usart.o(i.fputc)
    i.main                                   0x08002b6c   Section        0  main.o(i.main)
    i.uart_init                              0x08002bec   Section        0  usart.o(i.uart_init)
    .constdata                               0x08002c8c   Section      189  usb_desc.o(.constdata)
    .data                                    0x20000000   Section       20  system_stm32f10x.o(.data)
    .data                                    0x20000014   Section        4  delay.o(.data)
    fac_us                                   0x20000014   Data           1  delay.o(.data)
    fac_ms                                   0x20000016   Data           2  delay.o(.data)
    .data                                    0x20000018   Section        6  usart.o(.data)
    .data                                    0x2000001e   Section       20  stm32f10x_rcc.o(.data)
    APBAHBPrescTable                         0x2000001e   Data          16  stm32f10x_rcc.o(.data)
    ADCPrescTable                            0x2000002e   Data           4  stm32f10x_rcc.o(.data)
    .data                                    0x20000032   Section        3  usb_core.o(.data)
    .data                                    0x20000038   Section       20  usb_init.o(.data)
    .data                                    0x2000004c   Section        4  usb_int.o(.data)
    .data                                    0x20000050   Section        1  hw_config.o(.data)
    .data                                    0x20000051   Section       26  usb_desc.o(.data)
    .data                                    0x2000006c   Section       68  usb_istr.o(.data)
    .data                                    0x200000b0   Section      156  usb_prop.o(.data)
    .data                                    0x2000014c   Section       12  usb_pwr.o(.data)
    .data                                    0x20000158   Section        4  adc.o(.data)
    key                                      0x20000158   Data           1  adc.o(.data)
    send                                     0x20000159   Data           1  adc.o(.data)
    change_flag                              0x2000015a   Data           1  adc.o(.data)
    use_flag                                 0x2000015b   Data           1  adc.o(.data)
    .bss                                     0x2000015c   Section      200  usart.o(.bss)
    .bss                                     0x20000224   Section       28  usb_init.o(.bss)
    .bss                                     0x20000240   Section       32  usb_pwr.o(.bss)
    .bss                                     0x20000260   Section       96  libspace.o(.bss)
    HEAP                                     0x200002c0   Section      512  startup_stm32f10x_hd.o(HEAP)
    Heap_Mem                                 0x200002c0   Data         512  startup_stm32f10x_hd.o(HEAP)
    STACK                                    0x200004c0   Section     1024  startup_stm32f10x_hd.o(STACK)
    Stack_Mem                                0x200004c0   Data        1024  startup_stm32f10x_hd.o(STACK)
    __initial_sp                             0x200008c0   Data           0  startup_stm32f10x_hd.o(STACK)

    Global Symbols

    Symbol Name                              Value     Ov Type        Size  Object(Section)

    BuildAttributes$$THM_ISAv4$P$D$K$B$S$PE$A:L22UL41UL21$X:L11$S22US41US21$IEEE1$IW$USESV6$~STKCKD$USESV7$~SHL$OSPACE$ROPI$EBA8$UX$STANDARDLIB$REQ8$PRES8$EABIv2 0x00000000   Number         0  anon$$obj.o ABSOLUTE
    __ARM_use_no_argv                        0x00000000   Number         0  main.o ABSOLUTE
    __ARM_exceptions_init                     - Undefined Weak Reference
    __alloca_initialize                       - Undefined Weak Reference
    __arm_preinit_                            - Undefined Weak Reference
    __cpp_initialize__aeabi_                  - Undefined Weak Reference
    __cxa_finalize                            - Undefined Weak Reference
    __rt_locale                               - Undefined Weak Reference
    __sigvec_lookup                           - Undefined Weak Reference
    _atexit_init                              - Undefined Weak Reference
    _call_atexit_fns                          - Undefined Weak Reference
    _clock_init                               - Undefined Weak Reference
    _fp_trap_init                             - Undefined Weak Reference
    _fp_trap_shutdown                         - Undefined Weak Reference
    _get_lc_collate                           - Undefined Weak Reference
    _get_lc_ctype                             - Undefined Weak Reference
    _get_lc_monetary                          - Undefined Weak Reference
    _get_lc_numeric                           - Undefined Weak Reference
    _get_lc_time                              - Undefined Weak Reference
    _getenv_init                              - Undefined Weak Reference
    _handle_redirection                       - Undefined Weak Reference
    _init_alloc                               - Undefined Weak Reference
    _init_user_alloc                          - Undefined Weak Reference
    _initio                                   - Undefined Weak Reference
    _mutex_acquire                            - Undefined Weak Reference
    _mutex_release                            - Undefined Weak Reference
    _rand_init                                - Undefined Weak Reference
    _signal_finish                            - Undefined Weak Reference
    _signal_init                              - Undefined Weak Reference
    _terminate_alloc                          - Undefined Weak Reference
    _terminate_user_alloc                     - Undefined Weak Reference
    _terminateio                              - Undefined Weak Reference
    __Vectors_Size                           0x00000130   Number         0  startup_stm32f10x_hd.o ABSOLUTE
    __Vectors                                0x08000000   Data           4  startup_stm32f10x_hd.o(RESET)
    __Vectors_End                            0x08000130   Data           0  startup_stm32f10x_hd.o(RESET)
    __main                                   0x08000131   Thumb Code     8  __main.o(!!!main)
    __scatterload                            0x08000139   Thumb Code     0  __scatter.o(!!!scatter)
    __scatterload_rt2                        0x08000139   Thumb Code    44  __scatter.o(!!!scatter)
    __scatterload_rt2_thumb_only             0x08000139   Thumb Code     0  __scatter.o(!!!scatter)
    __scatterload_null                       0x08000147   Thumb Code     0  __scatter.o(!!!scatter)
    __decompress                             0x0800016d   Thumb Code    90  __dczerorl2.o(!!dczerorl2)
    __decompress1                            0x0800016d   Thumb Code     0  __dczerorl2.o(!!dczerorl2)
    __scatterload_zeroinit                   0x080001c9   Thumb Code    28  __scatter_zi.o(!!handler_zi)
    __rt_lib_init                            0x080001e5   Thumb Code     0  libinit.o(.ARM.Collect$$libinit$$00000000)
    __rt_lib_init_alloca_1                   0x080001e7   Thumb Code     0  libinit2.o(.ARM.Collect$$libinit$$0000002E)
    __rt_lib_init_argv_1                     0x080001e7   Thumb Code     0  libinit2.o(.ARM.Collect$$libinit$$0000002C)
    __rt_lib_init_atexit_1                   0x080001e7   Thumb Code     0  libinit2.o(.ARM.Collect$$libinit$$0000001B)
    __rt_lib_init_clock_1                    0x080001e7   Thumb Code     0  libinit2.o(.ARM.Collect$$libinit$$00000021)
    __rt_lib_init_cpp_1                      0x080001e7   Thumb Code     0  libinit2.o(.ARM.Collect$$libinit$$00000032)
    __rt_lib_init_exceptions_1               0x080001e7   Thumb Code     0  libinit2.o(.ARM.Collect$$libinit$$00000030)
    __rt_lib_init_fp_1                       0x080001e7   Thumb Code     0  libinit2.o(.ARM.Collect$$libinit$$00000002)
    __rt_lib_init_fp_trap_1                  0x080001e7   Thumb Code     0  libinit2.o(.ARM.Collect$$libinit$$0000001F)
    __rt_lib_init_getenv_1                   0x080001e7   Thumb Code     0  libinit2.o(.ARM.Collect$$libinit$$00000023)
    __rt_lib_init_heap_1                     0x080001e7   Thumb Code     0  libinit2.o(.ARM.Collect$$libinit$$0000000A)
    __rt_lib_init_lc_collate_1               0x080001e7   Thumb Code     0  libinit2.o(.ARM.Collect$$libinit$$00000011)
    __rt_lib_init_lc_ctype_1                 0x080001e7   Thumb Code     0  libinit2.o(.ARM.Collect$$libinit$$00000013)
    __rt_lib_init_lc_monetary_1              0x080001e7   Thumb Code     0  libinit2.o(.ARM.Collect$$libinit$$00000015)
    __rt_lib_init_lc_numeric_1               0x080001e7   Thumb Code     0  libinit2.o(.ARM.Collect$$libinit$$00000017)
    __rt_lib_init_lc_time_1                  0x080001e7   Thumb Code     0  libinit2.o(.ARM.Collect$$libinit$$00000019)
    __rt_lib_init_preinit_1                  0x080001e7   Thumb Code     0  libinit2.o(.ARM.Collect$$libinit$$00000004)
    __rt_lib_init_rand_1                     0x080001e7   Thumb Code     0  libinit2.o(.ARM.Collect$$libinit$$0000000E)
    __rt_lib_init_return                     0x080001e7   Thumb Code     0  libinit2.o(.ARM.Collect$$libinit$$00000033)
    __rt_lib_init_signal_1                   0x080001e7   Thumb Code     0  libinit2.o(.ARM.Collect$$libinit$$0000001D)
    __rt_lib_init_stdio_1                    0x080001e7   Thumb Code     0  libinit2.o(.ARM.Collect$$libinit$$00000025)
    __rt_lib_init_user_alloc_1               0x080001e7   Thumb Code     0  libinit2.o(.ARM.Collect$$libinit$$0000000C)
    __rt_lib_shutdown                        0x080001e9   Thumb Code     0  libshutdown.o(.ARM.Collect$$libshutdown$$00000000)
    __rt_lib_shutdown_cpp_1                  0x080001eb   Thumb Code     0  libshutdown2.o(.ARM.Collect$$libshutdown$$00000002)
    __rt_lib_shutdown_fp_trap_1              0x080001eb   Thumb Code     0  libshutdown2.o(.ARM.Collect$$libshutdown$$00000007)
    __rt_lib_shutdown_heap_1                 0x080001eb   Thumb Code     0  libshutdown2.o(.ARM.Collect$$libshutdown$$0000000F)
    __rt_lib_shutdown_return                 0x080001eb   Thumb Code     0  libshutdown2.o(.ARM.Collect$$libshutdown$$00000010)
    __rt_lib_shutdown_signal_1               0x080001eb   Thumb Code     0  libshutdown2.o(.ARM.Collect$$libshutdown$$0000000A)
    __rt_lib_shutdown_stdio_1                0x080001eb   Thumb Code     0  libshutdown2.o(.ARM.Collect$$libshutdown$$00000004)
    __rt_lib_shutdown_user_alloc_1           0x080001eb   Thumb Code     0  libshutdown2.o(.ARM.Collect$$libshutdown$$0000000C)
    __rt_entry                               0x080001ed   Thumb Code     0  __rtentry.o(.ARM.Collect$$rtentry$$00000000)
    __rt_entry_presh_1                       0x080001ed   Thumb Code     0  __rtentry2.o(.ARM.Collect$$rtentry$$00000002)
    __rt_entry_sh                            0x080001ed   Thumb Code     0  __rtentry4.o(.ARM.Collect$$rtentry$$00000004)
    __rt_entry_li                            0x080001f3   Thumb Code     0  __rtentry2.o(.ARM.Collect$$rtentry$$0000000A)
    __rt_entry_postsh_1                      0x080001f3   Thumb Code     0  __rtentry2.o(.ARM.Collect$$rtentry$$00000009)
    __rt_entry_main                          0x080001f7   Thumb Code     0  __rtentry2.o(.ARM.Collect$$rtentry$$0000000D)
    __rt_entry_postli_1                      0x080001f7   Thumb Code     0  __rtentry2.o(.ARM.Collect$$rtentry$$0000000C)
    __rt_exit                                0x080001ff   Thumb Code     0  rtexit.o(.ARM.Collect$$rtexit$$00000000)
    __rt_exit_ls                             0x08000201   Thumb Code     0  rtexit2.o(.ARM.Collect$$rtexit$$00000003)
    __rt_exit_prels_1                        0x08000201   Thumb Code     0  rtexit2.o(.ARM.Collect$$rtexit$$00000002)
    __rt_exit_exit                           0x08000205   Thumb Code     0  rtexit2.o(.ARM.Collect$$rtexit$$00000004)
    Reset_Handler                            0x0800020d   Thumb Code     8  startup_stm32f10x_hd.o(.text)
    ADC1_2_IRQHandler                        0x08000227   Thumb Code     0  startup_stm32f10x_hd.o(.text)
    ADC3_IRQHandler                          0x08000227   Thumb Code     0  startup_stm32f10x_hd.o(.text)
    CAN1_RX1_IRQHandler                      0x08000227   Thumb Code     0  startup_stm32f10x_hd.o(.text)
    CAN1_SCE_IRQHandler                      0x08000227   Thumb Code     0  startup_stm32f10x_hd.o(.text)
    DMA1_Channel1_IRQHandler                 0x08000227   Thumb Code     0  startup_stm32f10x_hd.o(.text)
    DMA1_Channel2_IRQHandler                 0x08000227   Thumb Code     0  startup_stm32f10x_hd.o(.text)
    DMA1_Channel3_IRQHandler                 0x08000227   Thumb Code     0  startup_stm32f10x_hd.o(.text)
    DMA1_Channel4_IRQHandler                 0x08000227   Thumb Code     0  startup_stm32f10x_hd.o(.text)
    DMA1_Channel5_IRQHandler                 0x08000227   Thumb Code     0  startup_stm32f10x_hd.o(.text)
    DMA1_Channel6_IRQHandler                 0x08000227   Thumb Code     0  startup_stm32f10x_hd.o(.text)
    DMA1_Channel7_IRQHandler                 0x08000227   Thumb Code     0  startup_stm32f10x_hd.o(.text)
    DMA2_Channel1_IRQHandler                 0x08000227   Thumb Code     0  startup_stm32f10x_hd.o(.text)
    DMA2_Channel2_IRQHandler                 0x08000227   Thumb Code     0  startup_stm32f10x_hd.o(.text)
    DMA2_Channel3_IRQHandler                 0x08000227   Thumb Code     0  startup_stm32f10x_hd.o(.text)
    DMA2_Channel4_5_IRQHandler               0x08000227   Thumb Code     0  startup_stm32f10x_hd.o(.text)
    EXTI0_IRQHandler                         0x08000227   Thumb Code     0  startup_stm32f10x_hd.o(.text)
    EXTI15_10_IRQHandler                     0x08000227   Thumb Code     0  startup_stm32f10x_hd.o(.text)
    EXTI1_IRQHandler                         0x08000227   Thumb Code     0  startup_stm32f10x_hd.o(.text)
    EXTI2_IRQHandler                         0x08000227   Thumb Code     0  startup_stm32f10x_hd.o(.text)
    EXTI3_IRQHandler                         0x08000227   Thumb Code     0  startup_stm32f10x_hd.o(.text)
    EXTI4_IRQHandler                         0x08000227   Thumb Code     0  startup_stm32f10x_hd.o(.text)
    EXTI9_5_IRQHandler                       0x08000227   Thumb Code     0  startup_stm32f10x_hd.o(.text)
    FLASH_IRQHandler                         0x08000227   Thumb Code     0  startup_stm32f10x_hd.o(.text)
    FSMC_IRQHandler                          0x08000227   Thumb Code     0  startup_stm32f10x_hd.o(.text)
    I2C1_ER_IRQHandler                       0x08000227   Thumb Code     0  startup_stm32f10x_hd.o(.text)
    I2C1_EV_IRQHandler                       0x08000227   Thumb Code     0  startup_stm32f10x_hd.o(.text)
    I2C2_ER_IRQHandler                       0x08000227   Thumb Code     0  startup_stm32f10x_hd.o(.text)
    I2C2_EV_IRQHandler                       0x08000227   Thumb Code     0  startup_stm32f10x_hd.o(.text)
    PVD_IRQHandler                           0x08000227   Thumb Code     0  startup_stm32f10x_hd.o(.text)
    RCC_IRQHandler                           0x08000227   Thumb Code     0  startup_stm32f10x_hd.o(.text)
    RTCAlarm_IRQHandler                      0x08000227   Thumb Code     0  startup_stm32f10x_hd.o(.text)
    RTC_IRQHandler                           0x08000227   Thumb Code     0  startup_stm32f10x_hd.o(.text)
    SDIO_IRQHandler                          0x08000227   Thumb Code     0  startup_stm32f10x_hd.o(.text)
    SPI1_IRQHandler                          0x08000227   Thumb Code     0  startup_stm32f10x_hd.o(.text)
    SPI2_IRQHandler                          0x08000227   Thumb Code     0  startup_stm32f10x_hd.o(.text)
    SPI3_IRQHandler                          0x08000227   Thumb Code     0  startup_stm32f10x_hd.o(.text)
    TAMPER_IRQHandler                        0x08000227   Thumb Code     0  startup_stm32f10x_hd.o(.text)
    TIM1_BRK_IRQHandler                      0x08000227   Thumb Code     0  startup_stm32f10x_hd.o(.text)
    TIM1_CC_IRQHandler                       0x08000227   Thumb Code     0  startup_stm32f10x_hd.o(.text)
    TIM1_TRG_COM_IRQHandler                  0x08000227   Thumb Code     0  startup_stm32f10x_hd.o(.text)
    TIM1_UP_IRQHandler                       0x08000227   Thumb Code     0  startup_stm32f10x_hd.o(.text)
    TIM2_IRQHandler                          0x08000227   Thumb Code     0  startup_stm32f10x_hd.o(.text)
    TIM3_IRQHandler                          0x08000227   Thumb Code     0  startup_stm32f10x_hd.o(.text)
    TIM4_IRQHandler                          0x08000227   Thumb Code     0  startup_stm32f10x_hd.o(.text)
    TIM5_IRQHandler                          0x08000227   Thumb Code     0  startup_stm32f10x_hd.o(.text)
    TIM6_IRQHandler                          0x08000227   Thumb Code     0  startup_stm32f10x_hd.o(.text)
    TIM7_IRQHandler                          0x08000227   Thumb Code     0  startup_stm32f10x_hd.o(.text)
    TIM8_BRK_IRQHandler                      0x08000227   Thumb Code     0  startup_stm32f10x_hd.o(.text)
    TIM8_CC_IRQHandler                       0x08000227   Thumb Code     0  startup_stm32f10x_hd.o(.text)
    TIM8_TRG_COM_IRQHandler                  0x08000227   Thumb Code     0  startup_stm32f10x_hd.o(.text)
    TIM8_UP_IRQHandler                       0x08000227   Thumb Code     0  startup_stm32f10x_hd.o(.text)
    UART4_IRQHandler                         0x08000227   Thumb Code     0  startup_stm32f10x_hd.o(.text)
    UART5_IRQHandler                         0x08000227   Thumb Code     0  startup_stm32f10x_hd.o(.text)
    USART2_IRQHandler                        0x08000227   Thumb Code     0  startup_stm32f10x_hd.o(.text)
    USART3_IRQHandler                        0x08000227   Thumb Code     0  startup_stm32f10x_hd.o(.text)
    USB_HP_CAN1_TX_IRQHandler                0x08000227   Thumb Code     0  startup_stm32f10x_hd.o(.text)
    WWDG_IRQHandler                          0x08000227   Thumb Code     0  startup_stm32f10x_hd.o(.text)
    __user_initial_stackheap                 0x08000229   Thumb Code     0  startup_stm32f10x_hd.o(.text)
    __use_no_semihosting                     0x0800024d   Thumb Code     2  use_no_semi_2.o(.text)
    __2printf                                0x08000251   Thumb Code    20  noretval__2printf.o(.text)
    __use_two_region_memory                  0x08000269   Thumb Code     2  heapauxi.o(.text)
    __rt_heap_escrow$2region                 0x0800026b   Thumb Code     2  heapauxi.o(.text)
    __rt_heap_expand$2region                 0x0800026d   Thumb Code     2  heapauxi.o(.text)
    __I$use$semihosting                      0x0800026f   Thumb Code     0  use_no_semi.o(.text)
    __use_no_semihosting_swi                 0x0800026f   Thumb Code     2  use_no_semi.o(.text)
    _printf_char_file                        0x08000271   Thumb Code    32  _printf_char_file.o(.text)
    _printf_char_common                      0x0800029f   Thumb Code    32  _printf_char_common.o(.text)
    ferror                                   0x080002c5   Thumb Code     8  ferror.o(.text)
    __user_setup_stackheap                   0x080002cd   Thumb Code    74  sys_stackheap_outer.o(.text)
    __printf                                 0x08000317   Thumb Code    40  __printf_nopercent.o(.text)
    exit                                     0x0800033f   Thumb Code    18  exit.o(.text)
    __user_libspace                          0x08000351   Thumb Code     8  libspace.o(.text)
    __user_perproc_libspace                  0x08000351   Thumb Code     0  libspace.o(.text)
    __user_perthread_libspace                0x08000351   Thumb Code     0  libspace.o(.text)
    ADC_Cmd                                  0x08000359   Thumb Code    22  stm32f10x_adc.o(i.ADC_Cmd)
    ADC_DeInit                               0x08000371   Thumb Code    78  stm32f10x_adc.o(i.ADC_DeInit)
    ADC_GetCalibrationStatus                 0x080003cd   Thumb Code    20  stm32f10x_adc.o(i.ADC_GetCalibrationStatus)
    ADC_GetConversionValue                   0x080003e1   Thumb Code     8  stm32f10x_adc.o(i.ADC_GetConversionValue)
    ADC_GetFlagStatus                        0x080003e9   Thumb Code    18  stm32f10x_adc.o(i.ADC_GetFlagStatus)
    ADC_GetResetCalibrationStatus            0x080003fb   Thumb Code    20  stm32f10x_adc.o(i.ADC_GetResetCalibrationStatus)
    ADC_Init                                 0x08000411   Thumb Code    70  stm32f10x_adc.o(i.ADC_Init)
    ADC_RegularChannelConfig                 0x08000461   Thumb Code   184  stm32f10x_adc.o(i.ADC_RegularChannelConfig)
    ADC_ResetCalibration                     0x08000519   Thumb Code    10  stm32f10x_adc.o(i.ADC_ResetCalibration)
    ADC_SoftwareStartConvCmd                 0x08000523   Thumb Code    22  stm32f10x_adc.o(i.ADC_SoftwareStartConvCmd)
    ADC_StartCalibration                     0x08000539   Thumb Code    10  stm32f10x_adc.o(i.ADC_StartCalibration)
    Adc_Init                                 0x08000545   Thumb Code   152  adc.o(i.Adc_Init)
    BusFault_Handler                         0x080005e9   Thumb Code     4  stm32f10x_it.o(i.BusFault_Handler)
    ByteSwap                                 0x080005ed   Thumb Code    12  usb_regs.o(i.ByteSwap)
    CTR_LP                                   0x080005f9   Thumb Code   616  usb_int.o(i.CTR_LP)
    ClearDTOG_RX                             0x08000881   Thumb Code    48  usb_regs.o(i.ClearDTOG_RX)
    ClearDTOG_TX                             0x080008b5   Thumb Code    48  usb_regs.o(i.ClearDTOG_TX)
    Clear_Status_Out                         0x080008e9   Thumb Code    34  usb_regs.o(i.Clear_Status_Out)
    DebugMon_Handler                         0x08000d25   Thumb Code     2  stm32f10x_it.o(i.DebugMon_Handler)
    EP1_IN_Callback                          0x08000d29   Thumb Code     8  usb_endp.o(i.EP1_IN_Callback)
    EXTI_ClearITPendingBit                   0x08000d35   Thumb Code     6  stm32f10x_exti.o(i.EXTI_ClearITPendingBit)
    EXTI_Init                                0x08000d41   Thumb Code   142  stm32f10x_exti.o(i.EXTI_Init)
    Enter_LowPowerMode                       0x08000dd5   Thumb Code    16  hw_config.o(i.Enter_LowPowerMode)
    GPIO_Init                                0x08000e05   Thumb Code   278  stm32f10x_gpio.o(i.GPIO_Init)
    GPIO_PinRemapConfig                      0x08000f1d   Thumb Code   138  stm32f10x_gpio.o(i.GPIO_PinRemapConfig)
    GPIO_SetBits                             0x08000fad   Thumb Code     4  stm32f10x_gpio.o(i.GPIO_SetBits)
    GetEPRxAddr                              0x08000fb1   Thumb Code    24  usb_regs.o(i.GetEPRxAddr)
    GetEPTxAddr                              0x08000fd1   Thumb Code    22  usb_regs.o(i.GetEPTxAddr)
    Get_Adc                                  0x08000ff1   Thumb Code    46  adc.o(i.Get_Adc)
    Get_Adc_Average                          0x08001025   Thumb Code    46  adc.o(i.Get_Adc_Average)
    Get_SerialNum                            0x08001055   Thumb Code    42  hw_config.o(i.Get_SerialNum)
    HardFault_Handler                        0x08001089   Thumb Code     4  stm32f10x_it.o(i.HardFault_Handler)
    In0_Process                              0x0800108d   Thumb Code    98  usb_core.o(i.In0_Process)
    Joystick1_Send                           0x0800113b   Thumb Code    22  hw_config.o(i.Joystick1_Send)
    Joystick_Data_Setup                      0x08001151   Thumb Code   108  usb_prop.o(i.Joystick_Data_Setup)
    Joystick_GetConfigDescriptor             0x080011cd   Thumb Code    14  usb_prop.o(i.Joystick_GetConfigDescriptor)
    Joystick_GetDeviceDescriptor             0x080011e1   Thumb Code    14  usb_prop.o(i.Joystick_GetDeviceDescriptor)
    Joystick_GetHIDDescriptor                0x080011f5   Thumb Code    14  usb_prop.o(i.Joystick_GetHIDDescriptor)
    Joystick_GetProtocolValue                0x08001209   Thumb Code    20  usb_prop.o(i.Joystick_GetProtocolValue)
    Joystick_GetReportDescriptor             0x08001225   Thumb Code    14  usb_prop.o(i.Joystick_GetReportDescriptor)
    Joystick_GetStringDescriptor             0x08001239   Thumb Code    32  usb_prop.o(i.Joystick_GetStringDescriptor)
    Joystick_Get_Interface_Setting           0x08001261   Thumb Code    22  usb_prop.o(i.Joystick_Get_Interface_Setting)
    Joystick_NoData_Setup                    0x08001279   Thumb Code    32  usb_prop.o(i.Joystick_NoData_Setup)
    Joystick_Reset                           0x0800129d   Thumb Code   148  usb_prop.o(i.Joystick_Reset)
    Joystick_SetConfiguration                0x08001341   Thumb Code    14  usb_prop.o(i.Joystick_SetConfiguration)
    Joystick_SetDeviceAddress                0x08001359   Thumb Code     8  usb_prop.o(i.Joystick_SetDeviceAddress)
    Joystick_SetProtocol                     0x08001365   Thumb Code    14  usb_prop.o(i.Joystick_SetProtocol)
    Joystick_Status_In                       0x0800137d   Thumb Code     2  usb_prop.o(i.Joystick_Status_In)
    Joystick_Status_Out                      0x0800137f   Thumb Code     2  usb_prop.o(i.Joystick_Status_Out)
    Joystick_init                            0x08001381   Thumb Code    30  usb_prop.o(i.Joystick_init)
    LED_Init                                 0x080013a9   Thumb Code    88  led.o(i.LED_Init)
    Leave_LowPowerMode                       0x0800140d   Thumb Code    30  hw_config.o(i.Leave_LowPowerMode)
    MemManage_Handler                        0x0800144d   Thumb Code     4  stm32f10x_it.o(i.MemManage_Handler)
    NMI_Handler                              0x08001451   Thumb Code     2  stm32f10x_it.o(i.NMI_Handler)
    NOP_Process                              0x08001453   Thumb Code     2  usb_core.o(i.NOP_Process)
    NVIC_Init                                0x08001455   Thumb Code   100  misc.o(i.NVIC_Init)
    NVIC_PriorityGroupConfig                 0x080014c5   Thumb Code    10  misc.o(i.NVIC_PriorityGroupConfig)
    Out0_Process                             0x08001611   Thumb Code    70  usb_core.o(i.Out0_Process)
    PMAToUserBufferCopy                      0x08001661   Thumb Code    34  usb_mem.o(i.PMAToUserBufferCopy)
    PendSV_Handler                           0x08001689   Thumb Code     2  stm32f10x_it.o(i.PendSV_Handler)
    Post0_Process                            0x0800168d   Thumb Code    54  usb_core.o(i.Post0_Process)
    PowerOn                                  0x080016d5   Thumb Code    54  usb_pwr.o(i.PowerOn)
    RCC_ADCCLKConfig                         0x08001715   Thumb Code    18  stm32f10x_rcc.o(i.RCC_ADCCLKConfig)
    RCC_APB1PeriphClockCmd                   0x0800172d   Thumb Code    26  stm32f10x_rcc.o(i.RCC_APB1PeriphClockCmd)
    RCC_APB2PeriphClockCmd                   0x0800174d   Thumb Code    26  stm32f10x_rcc.o(i.RCC_APB2PeriphClockCmd)
    RCC_APB2PeriphResetCmd                   0x0800176d   Thumb Code    26  stm32f10x_rcc.o(i.RCC_APB2PeriphResetCmd)
    RCC_GetClocksFreq                        0x0800178d   Thumb Code   192  stm32f10x_rcc.o(i.RCC_GetClocksFreq)
    RCC_USBCLKConfig                         0x08001861   Thumb Code     6  stm32f10x_rcc.o(i.RCC_USBCLKConfig)
    Resume                                   0x0800186d   Thumb Code   194  usb_pwr.o(i.Resume)
    Resume_Init                              0x0800193d   Thumb Code    30  usb_pwr.o(i.Resume_Init)
    SVC_Handler                              0x08001961   Thumb Code     2  stm32f10x_it.o(i.SVC_Handler)
    SetBTABLE                                0x08001965   Thumb Code    12  usb_regs.o(i.SetBTABLE)
    SetDeviceAddress                         0x08001975   Thumb Code    68  usb_core.o(i.SetDeviceAddress)
    SetEPRxAddr                              0x080019c5   Thumb Code    26  usb_regs.o(i.SetEPRxAddr)
    SetEPRxCount                             0x080019e9   Thumb Code    68  usb_regs.o(i.SetEPRxCount)
    SetEPRxStatus                            0x08001a35   Thumb Code    60  usb_regs.o(i.SetEPRxStatus)
    SetEPRxValid                             0x08001a75   Thumb Code    48  usb_regs.o(i.SetEPRxValid)
    SetEPTxAddr                              0x08001aa9   Thumb Code    24  usb_regs.o(i.SetEPTxAddr)
    SetEPTxCount                             0x08001ac9   Thumb Code    20  usb_regs.o(i.SetEPTxCount)
    SetEPTxStatus                            0x08001ae5   Thumb Code    60  usb_regs.o(i.SetEPTxStatus)
    SetEPTxValid                             0x08001b25   Thumb Code    48  usb_regs.o(i.SetEPTxValid)
    SetEPType                                0x08001b59   Thumb Code    32  usb_regs.o(i.SetEPType)
    Set_USBClock                             0x08001c65   Thumb Code    18  hw_config.o(i.Set_USBClock)
    Setup0_Process                           0x08001c79   Thumb Code   170  usb_core.o(i.Setup0_Process)
    Standard_ClearFeature                    0x08001d31   Thumb Code   342  usb_core.o(i.Standard_ClearFeature)
    Standard_GetConfiguration                0x08001e9d   Thumb Code    34  usb_core.o(i.Standard_GetConfiguration)
    Standard_GetDescriptorData               0x08001ec9   Thumb Code    32  usb_core.o(i.Standard_GetDescriptorData)
    Standard_GetInterface                    0x08001eed   Thumb Code    34  usb_core.o(i.Standard_GetInterface)
    Standard_GetStatus                       0x08001f19   Thumb Code   238  usb_core.o(i.Standard_GetStatus)
    Standard_SetConfiguration                0x08002019   Thumb Code    60  usb_core.o(i.Standard_SetConfiguration)
    Standard_SetDeviceFeature                0x08002061   Thumb Code    30  usb_core.o(i.Standard_SetDeviceFeature)
    Standard_SetEndPointFeature              0x08002089   Thumb Code   192  usb_core.o(i.Standard_SetEndPointFeature)
    Standard_SetInterface                    0x08002159   Thumb Code    96  usb_core.o(i.Standard_SetInterface)
    Suspend                                  0x080021c5   Thumb Code   142  usb_pwr.o(i.Suspend)
    SysTick_CLKSourceConfig                  0x08002261   Thumb Code    40  misc.o(i.SysTick_CLKSourceConfig)
    SysTick_Handler                          0x08002289   Thumb Code     2  stm32f10x_it.o(i.SysTick_Handler)
    SystemInit                               0x0800228d   Thumb Code    78  system_stm32f10x.o(i.SystemInit)
    USART1_IRQHandler                        0x080022ed   Thumb Code   122  usart.o(i.USART1_IRQHandler)
    USART_Cmd                                0x08002375   Thumb Code    24  stm32f10x_usart.o(i.USART_Cmd)
    USART_GetITStatus                        0x0800238d   Thumb Code    84  stm32f10x_usart.o(i.USART_GetITStatus)
    USART_ITConfig                           0x080023e1   Thumb Code    74  stm32f10x_usart.o(i.USART_ITConfig)
    USART_Init                               0x0800242d   Thumb Code   210  stm32f10x_usart.o(i.USART_Init)
    USART_ReceiveData                        0x08002505   Thumb Code    10  stm32f10x_usart.o(i.USART_ReceiveData)
    USBWakeUp_IRQHandler                     0x0800250f   Thumb Code    12  hw_config.o(i.USBWakeUp_IRQHandler)
    USB_Cable_Config                         0x0800251d   Thumb Code    22  hw_config.o(i.USB_Cable_Config)
    USB_Init                                 0x08002565   Thumb Code    36  usb_init.o(i.USB_Init)
    USB_Interrupts_Config                    0x080025a1   Thumb Code    84  hw_config.o(i.USB_Interrupts_Config)
    USB_Istr                                 0x080025f5   Thumb Code   422  usb_istr.o(i.USB_Istr)
    USB_LP_CAN1_RX0_IRQHandler               0x080027c1   Thumb Code     8  hw_config.o(i.USB_LP_CAN1_RX0_IRQHandler)
    USB_Port_Set                             0x080027c9   Thumb Code    74  hw_config.o(i.USB_Port_Set)
    USB_SIL_Init                             0x08002821   Thumb Code    28  usb_sil.o(i.USB_SIL_Init)
    USB_SIL_Write                            0x08002845   Thumb Code    46  usb_sil.o(i.USB_SIL_Write)
    USB_Send                                 0x08002875   Thumb Code   494  adc.o(i.USB_Send)
    UsageFault_Handler                       0x08002a7d   Thumb Code     4  stm32f10x_it.o(i.UsageFault_Handler)
    UserToPMABufferCopy                      0x08002a81   Thumb Code    52  usb_mem.o(i.UserToPMABufferCopy)
    _sys_exit                                0x08002ab9   Thumb Code     6  usart.o(i._sys_exit)
    delay_init                               0x08002ac1   Thumb Code    50  delay.o(i.delay_init)
    delay_ms                                 0x08002b05   Thumb Code    72  delay.o(i.delay_ms)
    fputc                                    0x08002b51   Thumb Code    24  usart.o(i.fputc)
    main                                     0x08002b6d   Thumb Code   120  main.o(i.main)
    uart_init                                0x08002bed   Thumb Code   152  usart.o(i.uart_init)
    Joystick_DeviceDescriptor                0x08002c8c   Data          18  usb_desc.o(.constdata)
    Joystick_ConfigDescriptor                0x08002c9e   Data          34  usb_desc.o(.constdata)
    Joystick_ReportDescriptor                0x08002cc0   Data          61  usb_desc.o(.constdata)
    Joystick_StringLangID                    0x08002cfd   Data           4  usb_desc.o(.constdata)
    Joystick_StringVendor                    0x08002d01   Data          38  usb_desc.o(.constdata)
    Joystick_StringProduct                   0x08002d27   Data          34  usb_desc.o(.constdata)
    Region$$Table$$Base                      0x08002d4c   Number         0  anon$$obj.o(Region$$Table)
    Region$$Table$$Limit                     0x08002d6c   Number         0  anon$$obj.o(Region$$Table)
    SystemCoreClock                          0x20000000   Data           4  system_stm32f10x.o(.data)
    AHBPrescTable                            0x20000004   Data          16  system_stm32f10x.o(.data)
    __stdout                                 0x20000018   Data           4  usart.o(.data)
    USART_RX_STA                             0x2000001c   Data           2  usart.o(.data)
    StatusInfo                               0x20000032   Data           2  usb_core.o(.data)
    Data_Mul_MaxPacketSize                   0x20000034   Data           1  usb_core.o(.data)
    EPindex                                  0x20000038   Data           1  usb_init.o(.data)
    pInformation                             0x2000003c   Data           4  usb_init.o(.data)
    pProperty                                0x20000040   Data           4  usb_init.o(.data)
    SaveState                                0x20000044   Data           2  usb_init.o(.data)
    wInterrupt_Mask                          0x20000046   Data           2  usb_init.o(.data)
    pUser_Standard_Requests                  0x20000048   Data           4  usb_init.o(.data)
    SaveRState                               0x2000004c   Data           2  usb_int.o(.data)
    SaveTState                               0x2000004e   Data           2  usb_int.o(.data)
    PrevXferComplete                         0x20000050   Data           1  hw_config.o(.data)
    Joystick_StringSerial                    0x20000051   Data          26  usb_desc.o(.data)
    wIstr                                    0x2000006c   Data           2  usb_istr.o(.data)
    bIntPackSOF                              0x2000006e   Data           1  usb_istr.o(.data)
    esof_counter                             0x20000070   Data           4  usb_istr.o(.data)
    wCNTR                                    0x20000074   Data           4  usb_istr.o(.data)
    pEpInt_IN                                0x20000078   Data          28  usb_istr.o(.data)
    pEpInt_OUT                               0x20000094   Data          28  usb_istr.o(.data)
    ProtocolValue                            0x200000b0   Data           4  usb_prop.o(.data)
    Device_Table                             0x200000b4   Data           2  usb_prop.o(.data)
    Device_Property                          0x200000b8   Data          48  usb_prop.o(.data)
    User_Standard_Requests                   0x200000e8   Data          36  usb_prop.o(.data)
    Device_Descriptor                        0x2000010c   Data           8  usb_prop.o(.data)
    Config_Descriptor                        0x20000114   Data           8  usb_prop.o(.data)
    Joystick_Report_Descriptor               0x2000011c   Data           8  usb_prop.o(.data)
    Mouse_Hid_Descriptor                     0x20000124   Data           8  usb_prop.o(.data)
    String_Descriptor                        0x2000012c   Data          32  usb_prop.o(.data)
    bDeviceState                             0x2000014c   Data           4  usb_pwr.o(.data)
    fSuspendEnabled                          0x20000150   Data           1  usb_pwr.o(.data)
    ResumeS                                  0x20000151   Data           2  usb_pwr.o(.data)
    remotewakeupon                           0x20000154   Data           4  usb_pwr.o(.data)
    USART_RX_BUF                             0x2000015c   Data         200  usart.o(.bss)
    Device_Info                              0x20000224   Data          28  usb_init.o(.bss)
    EP                                       0x20000240   Data          32  usb_pwr.o(.bss)
    __libspace_start                         0x20000260   Data          96  libspace.o(.bss)
    __temporary_stack_top$libspace           0x200002c0   Data           0  libspace.o(.bss)



==============================================================================

Memory Map of the image

  Image Entry point : 0x08000131

  Load Region LR_IROM1 (Base: 0x08000000, Size: 0x00002ec8, Max: 0x00010000, ABSOLUTE, COMPRESSED[0x00002dfc])

    Execution Region ER_IROM1 (Exec base: 0x08000000, Load base: 0x08000000, Size: 0x00002d6c, Max: 0x00010000, ABSOLUTE)

    Exec Addr    Load Addr    Size         Type   Attr      Idx    E Section Name        Object

    0x08000000   0x08000000   0x00000130   Data   RO          338    RESET               startup_stm32f10x_hd.o
    0x08000130   0x08000130   0x00000008   Code   RO         2073  * !!!main             c_w.l(__main.o)
    0x08000138   0x08000138   0x00000034   Code   RO         2240    !!!scatter          c_w.l(__scatter.o)
    0x0800016c   0x0800016c   0x0000005a   Code   RO         2238    !!dczerorl2         c_w.l(__dczerorl2.o)
    0x080001c6   0x080001c6   0x00000002   PAD
    0x080001c8   0x080001c8   0x0000001c   Code   RO         2242    !!handler_zi        c_w.l(__scatter_zi.o)
    0x080001e4   0x080001e4   0x00000002   Code   RO         2112    .ARM.Collect$$libinit$$00000000  c_w.l(libinit.o)
    0x080001e6   0x080001e6   0x00000000   Code   RO         2119    .ARM.Collect$$libinit$$00000002  c_w.l(libinit2.o)
    0x080001e6   0x080001e6   0x00000000   Code   RO         2121    .ARM.Collect$$libinit$$00000004  c_w.l(libinit2.o)
    0x080001e6   0x080001e6   0x00000000   Code   RO         2124    .ARM.Collect$$libinit$$0000000A  c_w.l(libinit2.o)
    0x080001e6   0x080001e6   0x00000000   Code   RO         2126    .ARM.Collect$$libinit$$0000000C  c_w.l(libinit2.o)
    0x080001e6   0x080001e6   0x00000000   Code   RO         2128    .ARM.Collect$$libinit$$0000000E  c_w.l(libinit2.o)
    0x080001e6   0x080001e6   0x00000000   Code   RO         2131    .ARM.Collect$$libinit$$00000011  c_w.l(libinit2.o)
    0x080001e6   0x080001e6   0x00000000   Code   RO         2133    .ARM.Collect$$libinit$$00000013  c_w.l(libinit2.o)
    0x080001e6   0x080001e6   0x00000000   Code   RO         2135    .ARM.Collect$$libinit$$00000015  c_w.l(libinit2.o)
    0x080001e6   0x080001e6   0x00000000   Code   RO         2137    .ARM.Collect$$libinit$$00000017  c_w.l(libinit2.o)
    0x080001e6   0x080001e6   0x00000000   Code   RO         2139    .ARM.Collect$$libinit$$00000019  c_w.l(libinit2.o)
    0x080001e6   0x080001e6   0x00000000   Code   RO         2141    .ARM.Collect$$libinit$$0000001B  c_w.l(libinit2.o)
    0x080001e6   0x080001e6   0x00000000   Code   RO         2143    .ARM.Collect$$libinit$$0000001D  c_w.l(libinit2.o)
    0x080001e6   0x080001e6   0x00000000   Code   RO         2145    .ARM.Collect$$libinit$$0000001F  c_w.l(libinit2.o)
    0x080001e6   0x080001e6   0x00000000   Code   RO         2147    .ARM.Collect$$libinit$$00000021  c_w.l(libinit2.o)
    0x080001e6   0x080001e6   0x00000000   Code   RO         2149    .ARM.Collect$$libinit$$00000023  c_w.l(libinit2.o)
    0x080001e6   0x080001e6   0x00000000   Code   RO         2151    .ARM.Collect$$libinit$$00000025  c_w.l(libinit2.o)
    0x080001e6   0x080001e6   0x00000000   Code   RO         2155    .ARM.Collect$$libinit$$0000002C  c_w.l(libinit2.o)
    0x080001e6   0x080001e6   0x00000000   Code   RO         2157    .ARM.Collect$$libinit$$0000002E  c_w.l(libinit2.o)
    0x080001e6   0x080001e6   0x00000000   Code   RO         2159    .ARM.Collect$$libinit$$00000030  c_w.l(libinit2.o)
    0x080001e6   0x080001e6   0x00000000   Code   RO         2161    .ARM.Collect$$libinit$$00000032  c_w.l(libinit2.o)
    0x080001e6   0x080001e6   0x00000002   Code   RO         2162    .ARM.Collect$$libinit$$00000033  c_w.l(libinit2.o)
    0x080001e8   0x080001e8   0x00000002   Code   RO         2180    .ARM.Collect$$libshutdown$$00000000  c_w.l(libshutdown.o)
    0x080001ea   0x080001ea   0x00000000   Code   RO         2190    .ARM.Collect$$libshutdown$$00000002  c_w.l(libshutdown2.o)
    0x080001ea   0x080001ea   0x00000000   Code   RO         2192    .ARM.Collect$$libshutdown$$00000004  c_w.l(libshutdown2.o)
    0x080001ea   0x080001ea   0x00000000   Code   RO         2195    .ARM.Collect$$libshutdown$$00000007  c_w.l(libshutdown2.o)
    0x080001ea   0x080001ea   0x00000000   Code   RO         2198    .ARM.Collect$$libshutdown$$0000000A  c_w.l(libshutdown2.o)
    0x080001ea   0x080001ea   0x00000000   Code   RO         2200    .ARM.Collect$$libshutdown$$0000000C  c_w.l(libshutdown2.o)
    0x080001ea   0x080001ea   0x00000000   Code   RO         2203    .ARM.Collect$$libshutdown$$0000000F  c_w.l(libshutdown2.o)
    0x080001ea   0x080001ea   0x00000002   Code   RO         2204    .ARM.Collect$$libshutdown$$00000010  c_w.l(libshutdown2.o)
    0x080001ec   0x080001ec   0x00000000   Code   RO         2077    .ARM.Collect$$rtentry$$00000000  c_w.l(__rtentry.o)
    0x080001ec   0x080001ec   0x00000000   Code   RO         2081    .ARM.Collect$$rtentry$$00000002  c_w.l(__rtentry2.o)
    0x080001ec   0x080001ec   0x00000006   Code   RO         2093    .ARM.Collect$$rtentry$$00000004  c_w.l(__rtentry4.o)
    0x080001f2   0x080001f2   0x00000000   Code   RO         2083    .ARM.Collect$$rtentry$$00000009  c_w.l(__rtentry2.o)
    0x080001f2   0x080001f2   0x00000004   Code   RO         2084    .ARM.Collect$$rtentry$$0000000A  c_w.l(__rtentry2.o)
    0x080001f6   0x080001f6   0x00000000   Code   RO         2086    .ARM.Collect$$rtentry$$0000000C  c_w.l(__rtentry2.o)
    0x080001f6   0x080001f6   0x00000008   Code   RO         2087    .ARM.Collect$$rtentry$$0000000D  c_w.l(__rtentry2.o)
    0x080001fe   0x080001fe   0x00000002   Code   RO         2116    .ARM.Collect$$rtexit$$00000000  c_w.l(rtexit.o)
    0x08000200   0x08000200   0x00000000   Code   RO         2164    .ARM.Collect$$rtexit$$00000002  c_w.l(rtexit2.o)
    0x08000200   0x08000200   0x00000004   Code   RO         2165    .ARM.Collect$$rtexit$$00000003  c_w.l(rtexit2.o)
    0x08000204   0x08000204   0x00000006   Code   RO         2166    .ARM.Collect$$rtexit$$00000004  c_w.l(rtexit2.o)
    0x0800020a   0x0800020a   0x00000002   PAD
    0x0800020c   0x0800020c   0x00000040   Code   RO          339    .text               startup_stm32f10x_hd.o
    0x0800024c   0x0800024c   0x00000002   Code   RO         2065    .text               c_w.l(use_no_semi_2.o)
    0x0800024e   0x0800024e   0x00000002   PAD
    0x08000250   0x08000250   0x00000018   Code   RO         2069    .text               c_w.l(noretval__2printf.o)
    0x08000268   0x08000268   0x00000006   Code   RO         2071    .text               c_w.l(heapauxi.o)
    0x0800026e   0x0800026e   0x00000002   Code   RO         2075    .text               c_w.l(use_no_semi.o)
    0x08000270   0x08000270   0x00000024   Code   RO         2078    .text               c_w.l(_printf_char_file.o)
    0x08000294   0x08000294   0x00000030   Code   RO         2095    .text               c_w.l(_printf_char_common.o)
    0x080002c4   0x080002c4   0x00000008   Code   RO         2097    .text               c_w.l(ferror.o)
    0x080002cc   0x080002cc   0x0000004a   Code   RO         2101    .text               c_w.l(sys_stackheap_outer.o)
    0x08000316   0x08000316   0x00000028   Code   RO         2103    .text               c_w.l(__printf_nopercent.o)
    0x0800033e   0x0800033e   0x00000012   Code   RO         2105    .text               c_w.l(exit.o)
    0x08000350   0x08000350   0x00000008   Code   RO         2113    .text               c_w.l(libspace.o)
    0x08000358   0x08000358   0x00000016   Code   RO          933    i.ADC_Cmd           stm32f10x_adc.o
    0x0800036e   0x0800036e   0x00000002   PAD
    0x08000370   0x08000370   0x0000005c   Code   RO          935    i.ADC_DeInit        stm32f10x_adc.o
    0x080003cc   0x080003cc   0x00000014   Code   RO          941    i.ADC_GetCalibrationStatus  stm32f10x_adc.o
    0x080003e0   0x080003e0   0x00000008   Code   RO          942    i.ADC_GetConversionValue  stm32f10x_adc.o
    0x080003e8   0x080003e8   0x00000012   Code   RO          944    i.ADC_GetFlagStatus  stm32f10x_adc.o
    0x080003fa   0x080003fa   0x00000014   Code   RO          947    i.ADC_GetResetCalibrationStatus  stm32f10x_adc.o
    0x0800040e   0x0800040e   0x00000002   PAD
    0x08000410   0x08000410   0x00000050   Code   RO          951    i.ADC_Init          stm32f10x_adc.o
    0x08000460   0x08000460   0x000000b8   Code   RO          955    i.ADC_RegularChannelConfig  stm32f10x_adc.o
    0x08000518   0x08000518   0x0000000a   Code   RO          956    i.ADC_ResetCalibration  stm32f10x_adc.o
    0x08000522   0x08000522   0x00000016   Code   RO          958    i.ADC_SoftwareStartConvCmd  stm32f10x_adc.o
    0x08000538   0x08000538   0x0000000a   Code   RO          960    i.ADC_StartCalibration  stm32f10x_adc.o
    0x08000542   0x08000542   0x00000002   PAD
    0x08000544   0x08000544   0x000000a4   Code   RO         2032    i.Adc_Init          adc.o
    0x080005e8   0x080005e8   0x00000004   Code   RO          113    i.BusFault_Handler  stm32f10x_it.o
    0x080005ec   0x080005ec   0x0000000c   Code   RO         1342    i.ByteSwap          usb_regs.o
    0x080005f8   0x080005f8   0x00000288   Code   RO         1295    i.CTR_LP            usb_int.o
    0x08000880   0x08000880   0x00000034   Code   RO         1343    i.ClearDTOG_RX      usb_regs.o
    0x080008b4   0x080008b4   0x00000034   Code   RO         1344    i.ClearDTOG_TX      usb_regs.o
    0x080008e8   0x080008e8   0x00000028   Code   RO         1349    i.Clear_Status_Out  usb_regs.o
    0x08000910   0x08000910   0x000000c0   Code   RO         1149    i.DataStageIn       usb_core.o
    0x080009d0   0x080009d0   0x000000bc   Code   RO         1150    i.DataStageOut      usb_core.o
    0x08000a8c   0x08000a8c   0x00000298   Code   RO         1151    i.Data_Setup0       usb_core.o
    0x08000d24   0x08000d24   0x00000002   Code   RO          114    i.DebugMon_Handler  stm32f10x_it.o
    0x08000d26   0x08000d26   0x00000002   PAD
    0x08000d28   0x08000d28   0x0000000c   Code   RO         1830    i.EP1_IN_Callback   usb_endp.o
    0x08000d34   0x08000d34   0x0000000c   Code   RO          874    i.EXTI_ClearITPendingBit  stm32f10x_exti.o
    0x08000d40   0x08000d40   0x00000094   Code   RO          879    i.EXTI_Init         stm32f10x_exti.o
    0x08000dd4   0x08000dd4   0x00000030   Code   RO         1726    i.Enter_LowPowerMode  hw_config.o
    0x08000e04   0x08000e04   0x00000116   Code   RO          349    i.GPIO_Init         stm32f10x_gpio.o
    0x08000f1a   0x08000f1a   0x00000002   PAD
    0x08000f1c   0x08000f1c   0x00000090   Code   RO          351    i.GPIO_PinRemapConfig  stm32f10x_gpio.o
    0x08000fac   0x08000fac   0x00000004   Code   RO          357    i.GPIO_SetBits      stm32f10x_gpio.o
    0x08000fb0   0x08000fb0   0x00000020   Code   RO         1361    i.GetEPRxAddr       usb_regs.o
    0x08000fd0   0x08000fd0   0x00000020   Code   RO         1364    i.GetEPTxAddr       usb_regs.o
    0x08000ff0   0x08000ff0   0x00000034   Code   RO         2033    i.Get_Adc           adc.o
    0x08001024   0x08001024   0x0000002e   Code   RO         2034    i.Get_Adc_Average   adc.o
    0x08001052   0x08001052   0x00000002   PAD
    0x08001054   0x08001054   0x00000034   Code   RO         1727    i.Get_SerialNum     hw_config.o
    0x08001088   0x08001088   0x00000004   Code   RO          115    i.HardFault_Handler  stm32f10x_it.o
    0x0800108c   0x0800108c   0x00000070   Code   RO         1152    i.In0_Process       usb_core.o
    0x080010fc   0x080010fc   0x0000003e   Code   RO         1728    i.IntToUnicode      hw_config.o
    0x0800113a   0x0800113a   0x00000016   Code   RO         1729    i.Joystick1_Send    hw_config.o
    0x08001150   0x08001150   0x0000007c   Code   RO         1864    i.Joystick_Data_Setup  usb_prop.o
    0x080011cc   0x080011cc   0x00000014   Code   RO         1865    i.Joystick_GetConfigDescriptor  usb_prop.o
    0x080011e0   0x080011e0   0x00000014   Code   RO         1866    i.Joystick_GetDeviceDescriptor  usb_prop.o
    0x080011f4   0x080011f4   0x00000014   Code   RO         1867    i.Joystick_GetHIDDescriptor  usb_prop.o
    0x08001208   0x08001208   0x0000001c   Code   RO         1868    i.Joystick_GetProtocolValue  usb_prop.o
    0x08001224   0x08001224   0x00000014   Code   RO         1869    i.Joystick_GetReportDescriptor  usb_prop.o
    0x08001238   0x08001238   0x00000028   Code   RO         1870    i.Joystick_GetStringDescriptor  usb_prop.o
    0x08001260   0x08001260   0x00000016   Code   RO         1871    i.Joystick_Get_Interface_Setting  usb_prop.o
    0x08001276   0x08001276   0x00000002   PAD
    0x08001278   0x08001278   0x00000024   Code   RO         1872    i.Joystick_NoData_Setup  usb_prop.o
    0x0800129c   0x0800129c   0x000000a4   Code   RO         1873    i.Joystick_Reset    usb_prop.o
    0x08001340   0x08001340   0x00000018   Code   RO         1874    i.Joystick_SetConfiguration  usb_prop.o
    0x08001358   0x08001358   0x0000000c   Code   RO         1875    i.Joystick_SetDeviceAddress  usb_prop.o
    0x08001364   0x08001364   0x00000018   Code   RO         1876    i.Joystick_SetProtocol  usb_prop.o
    0x0800137c   0x0800137c   0x00000002   Code   RO         1877    i.Joystick_Status_In  usb_prop.o
    0x0800137e   0x0800137e   0x00000002   Code   RO         1878    i.Joystick_Status_Out  usb_prop.o
    0x08001380   0x08001380   0x00000028   Code   RO         1879    i.Joystick_init     usb_prop.o
    0x080013a8   0x080013a8   0x00000064   Code   RO         2020    i.LED_Init          led.o
    0x0800140c   0x0800140c   0x00000040   Code   RO         1731    i.Leave_LowPowerMode  hw_config.o
    0x0800144c   0x0800144c   0x00000004   Code   RO          116    i.MemManage_Handler  stm32f10x_it.o
    0x08001450   0x08001450   0x00000002   Code   RO          117    i.NMI_Handler       stm32f10x_it.o
    0x08001452   0x08001452   0x00000002   Code   RO         1153    i.NOP_Process       usb_core.o
    0x08001454   0x08001454   0x00000070   Code   RO          837    i.NVIC_Init         misc.o
    0x080014c4   0x080014c4   0x00000014   Code   RO          838    i.NVIC_PriorityGroupConfig  misc.o
    0x080014d8   0x080014d8   0x00000138   Code   RO         1154    i.NoData_Setup0     usb_core.o
    0x08001610   0x08001610   0x00000050   Code   RO         1155    i.Out0_Process      usb_core.o
    0x08001660   0x08001660   0x00000028   Code   RO         1324    i.PMAToUserBufferCopy  usb_mem.o
    0x08001688   0x08001688   0x00000002   Code   RO          118    i.PendSV_Handler    stm32f10x_it.o
    0x0800168a   0x0800168a   0x00000002   PAD
    0x0800168c   0x0800168c   0x00000048   Code   RO         1156    i.Post0_Process     usb_core.o
    0x080016d4   0x080016d4   0x00000040   Code   RO         1978    i.PowerOn           usb_pwr.o
    0x08001714   0x08001714   0x00000018   Code   RO          457    i.RCC_ADCCLKConfig  stm32f10x_rcc.o
    0x0800172c   0x0800172c   0x00000020   Code   RO          459    i.RCC_APB1PeriphClockCmd  stm32f10x_rcc.o
    0x0800174c   0x0800174c   0x00000020   Code   RO          461    i.RCC_APB2PeriphClockCmd  stm32f10x_rcc.o
    0x0800176c   0x0800176c   0x00000020   Code   RO          462    i.RCC_APB2PeriphResetCmd  stm32f10x_rcc.o
    0x0800178c   0x0800178c   0x000000d4   Code   RO          469    i.RCC_GetClocksFreq  stm32f10x_rcc.o
    0x08001860   0x08001860   0x0000000c   Code   RO          487    i.RCC_USBCLKConfig  stm32f10x_rcc.o
    0x0800186c   0x0800186c   0x000000d0   Code   RO         1979    i.Resume            usb_pwr.o
    0x0800193c   0x0800193c   0x00000024   Code   RO         1980    i.Resume_Init       usb_pwr.o
    0x08001960   0x08001960   0x00000002   Code   RO          119    i.SVC_Handler       stm32f10x_it.o
    0x08001962   0x08001962   0x00000002   PAD
    0x08001964   0x08001964   0x00000010   Code   RO         1372    i.SetBTABLE         usb_regs.o
    0x08001974   0x08001974   0x00000050   Code   RO         1157    i.SetDeviceAddress  usb_core.o
    0x080019c4   0x080019c4   0x00000024   Code   RO         1386    i.SetEPRxAddr       usb_regs.o
    0x080019e8   0x080019e8   0x0000004c   Code   RO         1387    i.SetEPRxCount      usb_regs.o
    0x08001a34   0x08001a34   0x00000040   Code   RO         1388    i.SetEPRxStatus     usb_regs.o
    0x08001a74   0x08001a74   0x00000034   Code   RO         1389    i.SetEPRxValid      usb_regs.o
    0x08001aa8   0x08001aa8   0x00000020   Code   RO         1390    i.SetEPTxAddr       usb_regs.o
    0x08001ac8   0x08001ac8   0x0000001c   Code   RO         1391    i.SetEPTxCount      usb_regs.o
    0x08001ae4   0x08001ae4   0x00000040   Code   RO         1392    i.SetEPTxStatus     usb_regs.o
    0x08001b24   0x08001b24   0x00000034   Code   RO         1393    i.SetEPTxValid      usb_regs.o
    0x08001b58   0x08001b58   0x00000024   Code   RO         1394    i.SetEPType         usb_regs.o
    0x08001b7c   0x08001b7c   0x00000008   Code   RO          196    i.SetSysClock       system_stm32f10x.o
    0x08001b84   0x08001b84   0x000000e0   Code   RO          197    i.SetSysClockTo72   system_stm32f10x.o
    0x08001c64   0x08001c64   0x00000012   Code   RO         1732    i.Set_USBClock      hw_config.o
    0x08001c76   0x08001c76   0x00000002   PAD
    0x08001c78   0x08001c78   0x000000b8   Code   RO         1158    i.Setup0_Process    usb_core.o
    0x08001d30   0x08001d30   0x0000016c   Code   RO         1159    i.Standard_ClearFeature  usb_core.o
    0x08001e9c   0x08001e9c   0x0000002c   Code   RO         1160    i.Standard_GetConfiguration  usb_core.o
    0x08001ec8   0x08001ec8   0x00000024   Code   RO         1161    i.Standard_GetDescriptorData  usb_core.o
    0x08001eec   0x08001eec   0x0000002c   Code   RO         1162    i.Standard_GetInterface  usb_core.o
    0x08001f18   0x08001f18   0x00000100   Code   RO         1163    i.Standard_GetStatus  usb_core.o
    0x08002018   0x08002018   0x00000048   Code   RO         1164    i.Standard_SetConfiguration  usb_core.o
    0x08002060   0x08002060   0x00000028   Code   RO         1165    i.Standard_SetDeviceFeature  usb_core.o
    0x08002088   0x08002088   0x000000d0   Code   RO         1166    i.Standard_SetEndPointFeature  usb_core.o
    0x08002158   0x08002158   0x0000006c   Code   RO         1167    i.Standard_SetInterface  usb_core.o
    0x080021c4   0x080021c4   0x0000009c   Code   RO         1981    i.Suspend           usb_pwr.o
    0x08002260   0x08002260   0x00000028   Code   RO          841    i.SysTick_CLKSourceConfig  misc.o
    0x08002288   0x08002288   0x00000002   Code   RO          120    i.SysTick_Handler   stm32f10x_it.o
    0x0800228a   0x0800228a   0x00000002   PAD
    0x0800228c   0x0800228c   0x00000060   Code   RO          199    i.SystemInit        system_stm32f10x.o
    0x080022ec   0x080022ec   0x00000088   Code   RO          285    i.USART1_IRQHandler  usart.o
    0x08002374   0x08002374   0x00000018   Code   RO          661    i.USART_Cmd         stm32f10x_usart.o
    0x0800238c   0x0800238c   0x00000054   Code   RO          665    i.USART_GetITStatus  stm32f10x_usart.o
    0x080023e0   0x080023e0   0x0000004a   Code   RO          667    i.USART_ITConfig    stm32f10x_usart.o
    0x0800242a   0x0800242a   0x00000002   PAD
    0x0800242c   0x0800242c   0x000000d8   Code   RO          668    i.USART_Init        stm32f10x_usart.o
    0x08002504   0x08002504   0x0000000a   Code   RO          675    i.USART_ReceiveData  stm32f10x_usart.o
    0x0800250e   0x0800250e   0x0000000c   Code   RO         1733    i.USBWakeUp_IRQHandler  hw_config.o
    0x0800251a   0x0800251a   0x00000002   PAD
    0x0800251c   0x0800251c   0x00000048   Code   RO         1734    i.USB_Cable_Config  hw_config.o
    0x08002564   0x08002564   0x0000003c   Code   RO         1271    i.USB_Init          usb_init.o
    0x080025a0   0x080025a0   0x00000054   Code   RO         1735    i.USB_Interrupts_Config  hw_config.o
    0x080025f4   0x080025f4   0x000001cc   Code   RO         1843    i.USB_Istr          usb_istr.o
    0x080027c0   0x080027c0   0x00000008   Code   RO         1736    i.USB_LP_CAN1_RX0_IRQHandler  hw_config.o
    0x080027c8   0x080027c8   0x00000058   Code   RO         1737    i.USB_Port_Set      hw_config.o
    0x08002820   0x08002820   0x00000024   Code   RO         1702    i.USB_SIL_Init      usb_sil.o
    0x08002844   0x08002844   0x0000002e   Code   RO         1704    i.USB_SIL_Write     usb_sil.o
    0x08002872   0x08002872   0x00000002   PAD
    0x08002874   0x08002874   0x00000208   Code   RO         2035    i.USB_Send          adc.o
    0x08002a7c   0x08002a7c   0x00000004   Code   RO          121    i.UsageFault_Handler  stm32f10x_it.o
    0x08002a80   0x08002a80   0x00000038   Code   RO         1325    i.UserToPMABufferCopy  usb_mem.o
    0x08002ab8   0x08002ab8   0x00000006   Code   RO          286    i._sys_exit         usart.o
    0x08002abe   0x08002abe   0x00000002   PAD
    0x08002ac0   0x08002ac0   0x00000044   Code   RO          230    i.delay_init        delay.o
    0x08002b04   0x08002b04   0x0000004c   Code   RO          231    i.delay_ms          delay.o
    0x08002b50   0x08002b50   0x0000001c   Code   RO          287    i.fputc             usart.o
    0x08002b6c   0x08002b6c   0x00000080   Code   RO            1    i.main              main.o
    0x08002bec   0x08002bec   0x000000a0   Code   RO          288    i.uart_init         usart.o
    0x08002c8c   0x08002c8c   0x000000bd   Data   RO         1817    .constdata          usb_desc.o
    0x08002d49   0x08002d49   0x00000003   PAD
    0x08002d4c   0x08002d4c   0x00000020   Data   RO         2236    Region$$Table       anon$$obj.o


    Execution Region RW_IRAM1 (Exec base: 0x20000000, Load base: 0x08002d6c, Size: 0x000008c0, Max: 0x00005000, ABSOLUTE, COMPRESSED[0x00000090])

    Exec Addr    Load Addr    Size         Type   Attr      Idx    E Section Name        Object

    0x20000000   COMPRESSED   0x00000014   Data   RW          200    .data               system_stm32f10x.o
    0x20000014   COMPRESSED   0x00000004   Data   RW          233    .data               delay.o
    0x20000018   COMPRESSED   0x00000006   Data   RW          290    .data               usart.o
    0x2000001e   COMPRESSED   0x00000014   Data   RW          489    .data               stm32f10x_rcc.o
    0x20000032   COMPRESSED   0x00000003   Data   RW         1168    .data               usb_core.o
    0x20000035   COMPRESSED   0x00000003   PAD
    0x20000038   COMPRESSED   0x00000014   Data   RW         1273    .data               usb_init.o
    0x2000004c   COMPRESSED   0x00000004   Data   RW         1296    .data               usb_int.o
    0x20000050   COMPRESSED   0x00000001   Data   RW         1738    .data               hw_config.o
    0x20000051   COMPRESSED   0x0000001a   Data   RW         1818    .data               usb_desc.o
    0x2000006b   COMPRESSED   0x00000001   PAD
    0x2000006c   COMPRESSED   0x00000044   Data   RW         1844    .data               usb_istr.o
    0x200000b0   COMPRESSED   0x0000009c   Data   RW         1880    .data               usb_prop.o
    0x2000014c   COMPRESSED   0x0000000c   Data   RW         1983    .data               usb_pwr.o
    0x20000158   COMPRESSED   0x00000004   Data   RW         2036    .data               adc.o
    0x2000015c        -       0x000000c8   Zero   RW          289    .bss                usart.o
    0x20000224        -       0x0000001c   Zero   RW         1272    .bss                usb_init.o
    0x20000240        -       0x00000020   Zero   RW         1982    .bss                usb_pwr.o
    0x20000260        -       0x00000060   Zero   RW         2114    .bss                c_w.l(libspace.o)
    0x200002c0        -       0x00000200   Zero   RW          337    HEAP                startup_stm32f10x_hd.o
    0x200004c0        -       0x00000400   Zero   RW          336    STACK               startup_stm32f10x_hd.o


==============================================================================

Image component sizes


      Code (inc. data)   RO Data    RW Data    ZI Data      Debug   Object Name

       782         44          0          4          0       2734   adc.o
       144         22          0          4          0       1052   delay.o
       530        140          0          1          0       5843   hw_config.o
       100         12          0          0          0        451   led.o
       128          8          0          0          0     245175   main.o
       172         22          0          0          0       1857   misc.o
        64         26        304          0       1536        756   startup_stm32f10x_hd.o
       486         24          0          0          0       8006   stm32f10x_adc.o
       160         12          0          0          0       1353   stm32f10x_exti.o
       426          6          0          0          0       3133   stm32f10x_gpio.o
        26          0          0          0          0       3254   stm32f10x_it.o
       344         50          0         20          0       5669   stm32f10x_rcc.o
       408          6          0          0          0       4694   stm32f10x_usart.o
         0          0          0          0          0         32   sys.o
       328         28          0         20          0       1837   system_stm32f10x.o
       330         26          0          6        200       3848   usart.o
      3058        288          0          3          0      14231   usb_core.o
         0          0        189         26          0        969   usb_desc.o
        12          4          0          0          0        386   usb_endp.o
        60         24          0         20         28       3994   usb_init.o
       648         32          0          4          0       1652   usb_int.o
       460         38          0         68          0       1471   usb_istr.o
        96         10          0          0          0       1696   usb_mem.o
       598        110          0        156          0      11604   usb_prop.o
       464         52          0         12         32       3296   usb_pwr.o
       676         90          0          0          0       8792   usb_regs.o
        82          8          0          0          0       1423   usb_sil.o

    ----------------------------------------------------------------------
     10612       1082        528        348       1796     339208   Object Totals
         0          0         32          0          0          0   (incl. Generated)
        30          0          3          4          0          0   (incl. Padding)

    ----------------------------------------------------------------------

      Code (inc. data)   RO Data    RW Data    ZI Data      Debug   Library Member Name

        90          0          0          0          0          0   __dczerorl2.o
         8          0          0          0          0         68   __main.o
        40          0          0          0          0         84   __printf_nopercent.o
         0          0          0          0          0          0   __rtentry.o
        12          0          0          0          0          0   __rtentry2.o
         6          0          0          0          0          0   __rtentry4.o
        52          8          0          0          0          0   __scatter.o
        28          0          0          0          0          0   __scatter_zi.o
        48          6          0          0          0         96   _printf_char_common.o
        36          4          0          0          0         80   _printf_char_file.o
        18          0          0          0          0         80   exit.o
         8          0          0          0          0         68   ferror.o
         6          0          0          0          0        152   heapauxi.o
         2          0          0          0          0          0   libinit.o
         2          0          0          0          0          0   libinit2.o
         2          0          0          0          0          0   libshutdown.o
         2          0          0          0          0          0   libshutdown2.o
         8          4          0          0         96         68   libspace.o
        24          4          0          0          0         84   noretval__2printf.o
         2          0          0          0          0          0   rtexit.o
        10          0          0          0          0          0   rtexit2.o
        74          0          0          0          0         80   sys_stackheap_outer.o
         2          0          0          0          0         68   use_no_semi.o
         2          0          0          0          0         68   use_no_semi_2.o

    ----------------------------------------------------------------------
       488         26          0          0         96        996   Library Totals
         6          0          0          0          0          0   (incl. Padding)

    ----------------------------------------------------------------------

      Code (inc. data)   RO Data    RW Data    ZI Data      Debug   Library Name

       482         26          0          0         96        996   c_w.l

    ----------------------------------------------------------------------
       488         26          0          0         96        996   Library Totals

    ----------------------------------------------------------------------

==============================================================================


      Code (inc. data)   RO Data    RW Data    ZI Data      Debug   

     11100       1108        528        348       1892     333336   Grand Totals
     11100       1108        528        144       1892     333336   ELF Image Totals (compressed)
     11100       1108        528        144          0          0   ROM Totals

==============================================================================

    Total RO  Size (Code + RO Data)                11628 (  11.36kB)
    Total RW  Size (RW Data + ZI Data)              2240 (   2.19kB)
    Total ROM Size (Code + RO Data + RW Data)      11772 (  11.50kB)

==============================================================================

